 ConEmu.x64

 Timestamp is 549214fb (Thu Dec 18 02:42:51 2014)

 Preferred load address is 0000000180000000

 Start         Length     Name                   Class
 0001:00000000 0004595cH .text                   CODE
 0001:00045960 0000005eH .text$00                CODE
 0001:000459c0 00000332H .text$x                 CODE
 0002:00000000 00000780H .idata$5                DATA
 0002:00000780 00000008H .CRT$XCA                DATA
 0002:00000788 00000008H .CRT$XCZ                DATA
 0002:00000790 00000008H .CRT$XIA                DATA
 0002:00000798 00000010H .CRT$XIC                DATA
 0002:000007a8 00000008H .CRT$XIZ                DATA
 0002:000007b0 00000008H .CRT$XPA                DATA
 0002:000007b8 00000008H .CRT$XPZ                DATA
 0002:000007c0 00000008H .CRT$XTA                DATA
 0002:000007c8 00000008H .CRT$XTZ                DATA
 0002:000007d0 000061bbH .rdata                  DATA
 0002:0000698c 00000073H .rdata$debug            DATA
 0002:00006a00 00000008H .rtc$IAA                DATA
 0002:00006a08 00000008H .rtc$IZZ                DATA
 0002:00006a10 00000008H .rtc$TAA                DATA
 0002:00006a18 00000008H .rtc$TZZ                DATA
 0002:00006a20 00002794H .xdata                  DATA
 0002:000091b4 00000064H .idata$2                DATA
 0002:00009218 00000014H .idata$3                DATA
 0002:00009230 00000780H .idata$4                DATA
 0002:000099b0 00001140H .idata$6                DATA
 0002:0000aaf0 000002e1H .edata                  DATA
 0003:00000000 0000129cH .data                   DATA
 0003:000012a0 000031f8H .bss                    DATA
 0004:00000000 00002b80H .pdata                  DATA
 0005:00000000 00000058H .rsrc$01                DATA
 0005:00000060 000002d8H .rsrc$02                DATA

  Address         Publics by Value              Rva+Base               Lib:Object

 0000:00000000       ___safe_se_handler_table   0000000000000000     <absolute>
 0000:00000000       ___safe_se_handler_count   0000000000000000     <absolute>
 0000:00000000       __ImageBase                0000000180000000     <linker-defined>
 0001:00000000       ??0CmdArg@@QEAA@XZ         0000000180001000 f   CmdArg.obj
 0001:00000050       ??0CmdArg@@QEAA@PEA_W@Z    0000000180001050 f   CmdArg.obj
 0001:000000b0       ??4CmdArg@@QEAAAEAU0@PEA_W@Z 00000001800010b0 f   CmdArg.obj
 0001:000000e0       ??1CmdArg@@QEAA@XZ         00000001800010e0 f   CmdArg.obj
 0001:00000160       ?GetBuffer@CmdArg@@QEAAPEA_W_J@Z 0000000180001160 f   CmdArg.obj
 0001:00000260       ?Detach@CmdArg@@QEAAPEA_WXZ 0000000180001260 f   CmdArg.obj
 0001:000002a0       ?Attach@CmdArg@@QEAAPEB_WPEA_W@Z 00000001800012a0 f   CmdArg.obj
 0001:000002d0       ?AttachInt@CmdArg@@AEAAPEB_WAEAPEA_W@Z 00000001800012d0 f   CmdArg.obj
 0001:00000360       ?Empty@CmdArg@@QEAAXXZ     0000000180001360 f   CmdArg.obj
 0001:000003c0       ?IsEmpty@CmdArg@@QEAA_NXZ  00000001800013c0 f   CmdArg.obj
 0001:00000400       ?Set@CmdArg@@QEAAPEB_WPEB_W_J@Z 0000000180001400 f   CmdArg.obj
 0001:000004d0       ?StringCchCopyNW@@YAJPEA_W_KPEB_W1@Z 00000001800014d0 f i CmdArg.obj
 0001:00000690       ?SavePathVar@CmdArg@@QEAAXPEB_W@Z 0000000180001690 f   CmdArg.obj
 0001:000006f0       ?SaveEnvVar@CmdArg@@QEAAXPEB_W0@Z 00000001800016f0 f   CmdArg.obj
 0001:000007a0       ?SetAt@CmdArg@@QEAAX_J_W@Z 00000001800017a0 f   CmdArg.obj
 0001:000007f0       ?GetPosFrom@CmdArg@@QEAAXAEBU1@@Z 00000001800017f0 f   CmdArg.obj
 0001:00000830       ?IsNeedDequote@@YA_NPEB_W_NPEAPEB_W@Z 0000000180001830 f   CmdLine.obj
 0001:00000ae0       ??BCmdArg@@QEBAPEB_WXZ     0000000180001ae0 f i CmdLine.obj
 0001:00000af0       ?NextArg@@YAHPEAPEB_WAEAUCmdArg@@0@Z 0000000180001af0 f   CmdLine.obj
 0001:00001050       ?AddEndSlash@@YAHPEA_WH@Z  0000000180002050 f   CmdLine.obj
 0001:000010e0       ?SkipNonPrintable@@YAPEB_WPEB_W@Z 00000001800020e0 f   CmdLine.obj
 0001:00001150       ?CompareFileMask@@YA_NPEB_W0@Z 0000000180002150 f   CmdLine.obj
 0001:00001370       ?wcschr@@YAPEA_WPEA_W_W@Z  0000000180002370 f i CmdLine.obj
 0001:000013a0       ?GetDrive@@YAPEB_WPEB_WPEA_WH@Z 00000001800023a0 f   CmdLine.obj
 0001:00001650       ?GetDirectory@@YAHAEAUCmdArg@@@Z 0000000180002650 f   CmdLine.obj
 0001:000016f0       ?IsNeedCmd@@YA_NHPEB_WAEAUCmdArg@@PEAPEB_WPEAH333@Z 00000001800026f0 f   CmdLine.obj
 0001:00002160       ?Disable@MWow64Disable@@QEAAXXZ 0000000180003160 f i CmdLine.obj
 0001:000021a0       ??0MWow64Disable@@QEAA@XZ  00000001800031a0 f i CmdLine.obj
 0001:00002240       ??1MWow64Disable@@QEAA@XZ  0000000180003240 f i CmdLine.obj
 0001:00002260       ?Restore@MWow64Disable@@QEAAXXZ 0000000180003260 f i CmdLine.obj
 0001:000022b0       ?IsExecutable@@YA_NPEB_WPEAPEA_W@Z 00000001800032b0 f   CmdLine.obj
 0001:000023d0       ?IsFarExe@@YA_NPEB_W@Z     00000001800033d0 f   CmdLine.obj
 0001:00002460       ?IsQuotationNeeded@@YA_NPEB_W@Z 0000000180003460 f   CmdLine.obj
 0001:000024b0       ?MergeCmdLine@@YAPEA_WPEB_W0@Z 00000001800034b0 f   CmdLine.obj
 0001:00002590       ?JoinPath@@YAPEA_WPEB_W00@Z 0000000180003590 f   CmdLine.obj
 0001:000027c0       ?IsFilePath@@YA_NPEB_W_N@Z 00000001800037c0 f   CmdLine.obj
 0001:000029c0       ?PointToName@@YAPEB_WPEB_W@Z 00000001800039c0 f   CmdLine.obj
 0001:00002a70       ?PointToName@@YAPEBDPEBD@Z 0000000180003a70 f   CmdLine.obj
 0001:00002b20       ?PointToExt@@YAPEB_WPEB_W@Z 0000000180003b20 f   CmdLine.obj
 0001:00002b70       ?Unquote@@YAPEB_WPEA_W_N@Z 0000000180003b70 f   CmdLine.obj
 0001:00002c20       ?wcsrchr@@YAPEA_WPEA_W_W@Z 0000000180003c20 f i CmdLine.obj
 0001:00002c50       ?IsNewConsoleArg@@YA_NPEB_W0@Z 0000000180003c50 f   CmdLine.obj
 0001:00002d70       ?PackInputRecord@@YAHPEBU_INPUT_RECORD@@PEAUMsgStr@MSG64@@@Z 0000000180003d70 f   Common.obj
 0001:00003020       ?UnpackInputRecord@@YAHPEBUMsgStr@MSG64@@PEAU_INPUT_RECORD@@@Z 0000000180004020 f   Common.obj
 0001:00003310       ?TranslateKeyPress@@YAXGK_WHPEAU_INPUT_RECORD@@1@Z 0000000180004310 f   Common.obj
 0001:000034a0       ?GetCommand@CESERVER_REQ_NEWCMD@@QEAAPEA_WXZ 00000001800044a0 f   Common.obj
 0001:000034f0       ?GetEnvStrings@CESERVER_REQ_NEWCMD@@QEAAPEA_WXZ 00000001800044f0 f   Common.obj
 0001:00003540       ?SetCommand@CESERVER_REQ_NEWCMD@@QEAAXPEB_W@Z 0000000180004540 f   Common.obj
 0001:000035e0       ?SetEnvStrings@CESERVER_REQ_NEWCMD@@QEAAXPEB_WK@Z 00000001800045e0 f   Common.obj
 0001:000037a0       ?CommonShutdown@@YAXXZ     00000001800047a0 f   Common.obj
 0001:000037d0       ?ModuleName@@YAPEB_WPEB_W@Z 00000001800047d0 f   ConEmuCheck.obj
 0001:000038c0       ?ExecuteOpenPipe@@YAPEAXPEB_WAEAY0CAI@_W0KKHPEAX@Z 00000001800048c0 f   ConEmuCheck.obj
 0001:00003bc0       ?ExecutePrepareCmd@@YAXPEAUCESERVER_REQ@@K_K@Z 0000000180004bc0 f   ConEmuCheck.obj
 0001:00003c20       ?ExecutePrepareCmd@@YAXPEAUCESERVER_REQ_HDR@@K_K@Z 0000000180004c20 f   ConEmuCheck.obj
 0001:00003cf0       ?ExecuteNewCmd@@YAPEAUCESERVER_REQ@@K_K@Z 0000000180004cf0 f   ConEmuCheck.obj
 0001:00003d60       ?ExecuteNewCmd@@YA_NAEAPEAUCESERVER_REQ@@AEAKK_K@Z 0000000180004d60 f   ConEmuCheck.obj
 0001:00003e30       ?LoadSrvMapping@@YAHPEAUHWND__@@AEAUCESERVER_CONSOLE_MAPPING_HDR@@@Z 0000000180004e30 f   ConEmuCheck.obj
 0001:00003f90       ?LoadGuiMapping@@YAHKAEAUConEmuGuiMapping@@@Z 0000000180004f90 f   ConEmuCheck.obj
 0001:000040f0       ?ExecuteNewCmdOnCreate@@YAPEAUCESERVER_REQ@@PEAUCESERVER_CONSOLE_MAPPING_HDR@@PEAUHWND__@@W4CmdOnCreateType@@PEB_W33PEAK444HHPEAX55@Z 00000001800050f0 f   ConEmuCheck.obj
 0001:000045e0       ?StringCchCopyW@@YAJPEA_W_KPEB_W@Z 00000001800055e0 f i ConEmuCheck.obj
 0001:00004770       ?ExecuteGuiCmd@@YAPEAUCESERVER_REQ@@PEAUHWND__@@PEAU1@0H@Z 0000000180005770 f   ConEmuCheck.obj
 0001:00004820       ?ExecuteSrvCmd@@YAPEAUCESERVER_REQ@@KPEAU1@PEAUHWND__@@HK@Z 0000000180005820 f   ConEmuCheck.obj
 0001:000048e0       ?ExecuteHkCmd@@YAPEAUCESERVER_REQ@@KPEAU1@PEAUHWND__@@H@Z 00000001800058e0 f   ConEmuCheck.obj
 0001:000049a0       ?ExecuteCmd@@YAPEAUCESERVER_REQ@@PEB_WPEAU1@KPEAUHWND__@@HK@Z 00000001800059a0 f   ConEmuCheck.obj
 0001:00004d90       ?ExecuteFreeResult@@YAXAEAPEAUCESERVER_REQ@@@Z 0000000180005d90 f   ConEmuCheck.obj
 0001:00004dd0       ?AllocateSendCurrentDirectory@@YA_NAEAPEAUCESERVER_REQ@@AEAKPEB_W2@Z 0000000180005dd0 f   ConEmuCheck.obj
 0001:00004f20       ?SendCurrentDirectory@@YAXPEAUHWND__@@PEB_W1@Z 0000000180005f20 f   ConEmuCheck.obj
 0001:00004fa0       ?myGetConsoleWindow@@YAPEAUHWND__@@XZ 0000000180005fa0 f   ConEmuCheck.obj
 0001:00005040       ?GetConEmuHWND@@YAPEAUHWND__@@H@Z 0000000180006040 f   ConEmuCheck.obj
 0001:00005250       ??BHWND2@@QEBAPEAUHWND__@@XZ 0000000180006250 f i ConEmuCheck.obj
 0001:00005260       ??BHWND2@@QEBAKXZ          0000000180006260 f i ConEmuCheck.obj
 0001:00005270       ?ConEmuCheck@@YAHPEAPEAUHWND__@@@Z 0000000180006270 f   ConEmuCheck.obj
 0001:000052c0       ?GuiMessageBox@@YAHPEAUHWND__@@PEB_W1H@Z 00000001800062c0 f   ConEmuCheck.obj
 0001:000054e0       ?InitName@?$MFileMapping@UCESERVER_CONSOLE_MAPPING_HDR@@@@QEAAPEB_WPEB_WKK@Z 00000001800064e0 f i ConEmuCheck.obj
 0001:00005540       ?CloseMap@?$MFileMapping@UCESERVER_CONSOLE_MAPPING_HDR@@@@QEAAXXZ 0000000180006540 f i ConEmuCheck.obj
 0001:000055d0       ?Open@?$MFileMapping@UCESERVER_CONSOLE_MAPPING_HDR@@@@QEAAPEAUCESERVER_CONSOLE_MAPPING_HDR@@HH@Z 00000001800065d0 f i ConEmuCheck.obj
 0001:00005600       ??0?$MFileMapping@UCESERVER_CONSOLE_MAPPING_HDR@@@@QEAA@XZ 0000000180006600 f i ConEmuCheck.obj
 0001:00005670       ??1?$MFileMapping@UCESERVER_CONSOLE_MAPPING_HDR@@@@QEAA@XZ 0000000180006670 f i ConEmuCheck.obj
 0001:000056a0       ?InitName@?$MFileMapping@UConEmuGuiMapping@@@@QEAAPEB_WPEB_WKK@Z 00000001800066a0 f i ConEmuCheck.obj
 0001:00005700       ?CloseMap@?$MFileMapping@UConEmuGuiMapping@@@@QEAAXXZ 0000000180006700 f i ConEmuCheck.obj
 0001:00005790       ?Open@?$MFileMapping@UConEmuGuiMapping@@@@QEAAPEAUConEmuGuiMapping@@HH@Z 0000000180006790 f i ConEmuCheck.obj
 0001:000057c0       ??0?$MFileMapping@UConEmuGuiMapping@@@@QEAA@XZ 00000001800067c0 f i ConEmuCheck.obj
 0001:00005830       ??1?$MFileMapping@UConEmuGuiMapping@@@@QEAA@XZ 0000000180006830 f i ConEmuCheck.obj
 0001:00005860       ?ClosePtr@?$MFileMapping@UCESERVER_CONSOLE_MAPPING_HDR@@@@QEAAXXZ 0000000180006860 f i ConEmuCheck.obj
 0001:000058a0       ?InternalOpenCreate@?$MFileMapping@UCESERVER_CONSOLE_MAPPING_HDR@@@@IEAAPEAUCESERVER_CONSOLE_MAPPING_HDR@@HHH@Z 00000001800068a0 f i ConEmuCheck.obj
 0001:00005b50       ?ClosePtr@?$MFileMapping@UConEmuGuiMapping@@@@QEAAXXZ 0000000180006b50 f i ConEmuCheck.obj
 0001:00005b90       ?InternalOpenCreate@?$MFileMapping@UConEmuGuiMapping@@@@IEAAPEAUConEmuGuiMapping@@HHH@Z 0000000180006b90 f i ConEmuCheck.obj
 0001:00005e40       ??$wcscpy_c@$0CA@@@YAHAEAY0CA@_WPEB_W@Z 0000000180006e40 f i ConEmuCheck.obj
 0001:00005e70       ??$wcscpy_c@$0CAI@@@YAHAEAY0CAI@_WPEB_W@Z 0000000180006e70 f i ConEmuCheck.obj
 0001:00005ea0       ?LoadGuiMapping@@YAHPEAUHWND__@@AEAUConEmuGuiMapping@@@Z 0000000180006ea0 f   ConEmuCheckEx.obj
 0001:00005ef0       ?IsConEmuExeExist@@YAHPEB_WAEAY0BAF@_W@Z 0000000180006ef0 f   ConEmuCheckEx.obj
 0001:00005fd0       ?FindConEmuBaseDir@@YAHAEAY0BAF@_W0PEAUHINSTANCE__@@@Z 0000000180006fd0 f   ConEmuCheckEx.obj
 0001:00006640       ??$wcscpy_c@$0BAF@@@YAHAEAY0BAF@_WPEB_W@Z 0000000180007640 f i ConEmuCheckEx.obj
 0001:000067a0       ??$wcscpy_add@$0BAF@@@YAHPEA_WAEAY0BAF@_WPEB_W@Z 00000001800077a0 f i ConEmuCheckEx.obj
 0001:00006810       ??$wcscat_c@$0BAF@@@YAHAEAY0BAF@_WPEB_W@Z 0000000180007810 f i ConEmuCheckEx.obj
 0001:00006840       ?StringCchCatW@@YAJPEA_W_KPEB_W@Z 0000000180007840 f i ConEmuCheckEx.obj
 0001:000069d0       ?StartupHooks@@YA_NPEAUHINSTANCE__@@@Z 00000001800079d0 f   ConEmuInjects.obj
 0001:00006ed0       ?ShutdownHooks@@YAXXZ      0000000180007ed0 f   ConEmuInjects.obj
 0001:00007160       ??$wcscpy_c@$0EA@@@YAHAEAY0EA@_WPEB_W@Z 0000000180008160 f i ConEmuInjects.obj
 0001:000072c0       DllMain                    00000001800082c0 f   ConEmuPlugin.obj
 0001:00007310       ?GetPluginInfo@@YAXPEAX@Z  0000000180008310 f   ConEmuPlugin.obj
 0001:00007380       ?GetPluginInfoW@@YAXPEAX@Z 0000000180008380 f   ConEmuPlugin.obj
 0001:000073b0       ?IsConsoleActive@@YAHXZ    00000001800083b0 f   ConEmuPlugin.obj
 0001:00007430       ?GetFarHWND2@@YAPEAUHWND__@@H@Z 0000000180008430 f   ConEmuPlugin.obj
 0001:000074c0       ?GetFarHWND@@YAPEAUHWND__@@XZ 00000001800084c0 f   ConEmuPlugin.obj
 0001:000074d0       ?IsTerminalMode@@YAHXZ     00000001800084d0 f   ConEmuPlugin.obj
 0001:000074e0       ?GetFarVersion@@YAXPEAUFarVersion@@@Z 00000001800084e0 f   ConEmuPlugin.obj
 0001:00007500       ?RegisterPanelView@@YAHPEAUPanelViewInit@@@Z 0000000180008500 f   ConEmuPlugin.obj
 0001:000077d0       ?RegisterBackground@@YAHPEAURegisterBackgroundArg@@@Z 00000001800087d0 f   ConEmuPlugin.obj
 0001:00007870       ?SyncExecute@@YAHPEAUHINSTANCE__@@P6AX_J@Z1@Z 0000000180008870 f   ConEmuPlugin.obj
 0001:000078f0       ?ActivateConsole@@YAHXZ    00000001800088f0 f   ConEmuPlugin.obj
 0001:000079b0       ??4HWND2@@QEAAAEAU0@PEAUHWND__@@@Z 00000001800089b0 f i ConEmuPlugin.obj
 0001:000079d0       ?SetStartupInfo@@YAXPEAX@Z 00000001800089d0 f   ConEmuPlugin.obj
 0001:00007a50       SetStartupInfoW            0000000180008a50 f   ConEmuPlugin.obj
 0001:00007a90       ?GetMinFarVersion@@YAHXZ   0000000180008a90 f   ConEmuPlugin.obj
 0001:00007b00       GetMinFarVersionW          0000000180008b00 f   ConEmuPlugin.obj
 0001:00007b10       ProcessSynchroEventW       0000000180008b10 f   ConEmuPlugin.obj
 0001:00007b40       ?ProcessSynchroEventW3@@YA_JPEAX@Z 0000000180008b40 f   ConEmuPlugin.obj
 0001:00007b80       ?ProcessEditorEvent@@YAHHPEAX@Z 0000000180008b80 f   ConEmuPlugin.obj
 0001:00007bb0       ProcessEditorEventW        0000000180008bb0 f   ConEmuPlugin.obj
 0001:00007be0       ?ProcessEditorEventW3@@YA_JPEAX@Z 0000000180008be0 f   ConEmuPlugin.obj
 0001:00007c20       ?ProcessViewerEvent@@YAHHPEAX@Z 0000000180008c20 f   ConEmuPlugin.obj
 0001:00007c50       ProcessViewerEventW        0000000180008c50 f   ConEmuPlugin.obj
 0001:00007c80       ?ProcessViewerEventW3@@YA_JPEAX@Z 0000000180008c80 f   ConEmuPlugin.obj
 0001:00007cc0       ?ProcessEditorInput@@YAHPEBU_INPUT_RECORD@@@Z 0000000180008cc0 f   ConEmuPlugin.obj
 0001:00007cf0       ProcessEditorInputW        0000000180008cf0 f   ConEmuPlugin.obj
 0001:00007d20       ?OpenPlugin@@YAPEAXH_J@Z   0000000180008d20 f   ConEmuPlugin.obj
 0001:00007d50       OpenPluginW                0000000180008d50 f   ConEmuPlugin.obj
 0001:00007db0       ?OpenW@@YAPEAXPEBX@Z       0000000180008db0 f   ConEmuPlugin.obj
 0001:00007de0       ?ExitFAR@@YAXXZ            0000000180008de0 f   ConEmuPlugin.obj
 0001:00007e50       ExitFARW                   0000000180008e50 f   ConEmuPlugin.obj
 0001:00007ec0       ?ExitFARW3@@YAXPEAX@Z      0000000180008ec0 f   ConEmuPlugin.obj
 0001:00007f30       ?SetupExportsFar3@@YAXXZ   0000000180008f30 f   ConEmuPlugin.obj
 0001:00008230       ?_calloc@@YAPEAX_K0@Z      0000000180009230 f   ConEmuPlugin.obj
 0001:00008260       ?_malloc@@YAPEAX_K@Z       0000000180009260 f   ConEmuPlugin.obj
 0001:00008280       ?_free@@YAXPEAX@Z          0000000180009280 f   ConEmuPlugin.obj
 0001:000082a0       ??0CPluginW1900@@QEAA@XZ   00000001800092a0 f   ConEmuPlugin1900.obj
 0001:000085a0       ??_GCPluginW1900@@UEAAPEAXI@Z 00000001800095a0 f i ConEmuPlugin1900.obj
 0001:000085a0       ??_ECPluginW1900@@UEAAPEAXI@Z 00000001800095a0 f i ConEmuPlugin1900.obj
 0001:000085e0       ??1CPluginW1900@@UEAA@XZ   00000001800095e0 f i ConEmuPlugin1900.obj
 0001:00008610       ?ProcessEditorEventPtr@CPluginW1900@@UEAAHPEAX@Z 0000000180009610 f   ConEmuPlugin1900.obj
 0001:00008650       ?ProcessViewerEventPtr@CPluginW1900@@UEAAHPEAX@Z 0000000180009650 f   ConEmuPlugin1900.obj
 0001:00008690       ?ProcessSynchroEventPtr@CPluginW1900@@UEAAHPEAX@Z 0000000180009690 f   ConEmuPlugin1900.obj
 0001:000086d0       ?GetPanelDir@CPluginW1900@@UEAAPEA_WKPEA_WH@Z 00000001800096d0 f   ConEmuPlugin1900.obj
 0001:00008900       ?GetPanelInfo@CPluginW1900@@UEAA_NKPEAUCEPanelInfo@@@Z 0000000180009900 f   ConEmuPlugin1900.obj
 0001:00008eb0       ?GetPanelItemInfo@CPluginW1900@@UEAA_NAEBUCEPanelInfo@@_N_JAEAU_WIN32_FIND_DATAW@@PEAPEA_W@Z 0000000180009eb0 f   ConEmuPlugin1900.obj
 0001:000091e0       ?PanelControlApi@CPluginW1900@@UEAA_JPEAXH_J0@Z 000000018000a1e0 f   ConEmuPlugin1900.obj
 0001:00009250       ?GetPluginInfoPtr@CPluginW1900@@UEAAXPEAX@Z 000000018000a250 f   ConEmuPlugin1900.obj
 0001:000092f0       ?SetStartupInfoPtr@CPluginW1900@@UEAAXPEAX@Z 000000018000a2f0 f   ConEmuPlugin1900.obj
 0001:000094c0       ?GetEditorModifiedState@CPluginW1900@@UEAAKXZ 000000018000a4c0 f   ConEmuPlugin1900.obj
 0001:00009530       ?ProcessEditorInputPtr@CPluginW1900@@UEAAHPEBX@Z 000000018000a530 f   ConEmuPlugin1900.obj
 0001:00009570       ?GetWindowCount@CPluginW1900@@UEAAHXZ 000000018000a570 f   ConEmuPlugin1900.obj
 0001:000095d0       ?UpdateConEmuTabsApi@CPluginW1900@@UEAA_NH@Z 000000018000a5d0 f   ConEmuPlugin1900.obj
 0001:00009c70       ?ExitFar@CPluginW1900@@UEAAXXZ 000000018000ac70 f   ConEmuPlugin1900.obj
 0001:00009d20       ?ShowMessage@CPluginW1900@@UEAAHPEB_WH_N@Z 000000018000ad20 f   ConEmuPlugin1900.obj
 0001:00009de0       ?GetMsg@CPluginW1900@@UEAAPEB_WHPEA_W_K@Z 000000018000ade0 f   ConEmuPlugin1900.obj
 0001:00009e80       ?SetWindow@CPluginW1900@@UEAAXH@Z 000000018000ae80 f   ConEmuPlugin1900.obj
 0001:00009f00       ?PostMacroApi@CPluginW1900@@UEAAXPEB_WPEAU_INPUT_RECORD@@_N@Z 000000018000af00 f   ConEmuPlugin1900.obj
 0001:0000ab50       ?wcsstr@@YAPEA_WPEA_WPEB_W@Z 000000018000bb50 f i ConEmuPlugin1900.obj
 0001:0000ab80       ?ShowPluginMenu@CPluginW1900@@UEAAHPEAUConEmuPluginMenuItem@@HH@Z 000000018000bb80 f   ConEmuPlugin1900.obj
 0001:0000ae60       ?OpenEditor@CPluginW1900@@UEAA_NPEB_W_N11HH@Z 000000018000be60 f   ConEmuPlugin1900.obj
 0001:0000b090       ?ExecuteSynchroApi@CPluginW1900@@UEAA_NXZ 000000018000c090 f   ConEmuPlugin1900.obj
 0001:0000b0e0       ?WaitEndSynchro@CPluginW1900@@UEAAXXZ 000000018000c0e0 f   ConEmuPlugin1900.obj
 0001:0000b0f0       ?StopWaitEndSynchro@CPluginW1900@@UEAAXXZ 000000018000c0f0 f   ConEmuPlugin1900.obj
 0001:0000b100       ?IsMacroActive@CPluginW1900@@UEAA_NXZ 000000018000c100 f   ConEmuPlugin1900.obj
 0001:0000b160       ?GetMacroArea@CPluginW1900@@UEAAHXZ 000000018000c160 f   ConEmuPlugin1900.obj
 0001:0000b1a0       ?RedrawAll@CPluginW1900@@UEAAXXZ 000000018000c1a0 f   ConEmuPlugin1900.obj
 0001:0000b1f0       ?InputBox@CPluginW1900@@UEAA_NPEB_W000AEAPEA_W@Z 000000018000c1f0 f   ConEmuPlugin1900.obj
 0001:0000b2c0       ?ShowUserScreen@CPluginW1900@@UEAAX_N@Z 000000018000c2c0 f   ConEmuPlugin1900.obj
 0001:0000b330       ?LoadFarColors@CPluginW1900@@UEAAXAEAY0BAA@E@Z 000000018000c330 f   ConEmuPlugin1900.obj
 0001:0000b560       ?FarColor_3_2@@YAEAEBUFarColor@@@Z 000000018000c560 f i ConEmuPlugin1900.obj
 0001:0000b690       ?Color2FgIndex@Far3Color@@SAXKAEAGPEBK@Z 000000018000c690 f i ConEmuPlugin1900.obj
 0001:0000b820       ?Max@Far3Color@@SAHHH@Z    000000018000c820 f i ConEmuPlugin1900.obj
 0001:0000b850       ?GetStdIndex@Far3Color@@SAHKPEBK@Z 000000018000c850 f i ConEmuPlugin1900.obj
 0001:0000b8d0       ?GetStdPalette@Far3Color@@SAPEBKXZ 000000018000c8d0 f i ConEmuPlugin1900.obj
 0001:0000b8e0       ?Color2BgIndex@Far3Color@@SAXKHAEAGPEBK@Z 000000018000c8e0 f i ConEmuPlugin1900.obj
 0001:0000bac0       ?LoadFarSettings@CPluginW1900@@UEAAXPEAUCEFarInterfaceSettings@@PEAUCEFarPanelSettings@@@Z 000000018000cac0 f   ConEmuPlugin1900.obj
 0001:0000bd60       ?GetFarRect@CPluginW1900@@UEAA_NAEAU_SMALL_RECT@@@Z 000000018000cd60 f   ConEmuPlugin1900.obj
 0001:0000bdf0       ?CheckPanelExist@CPluginW1900@@UEAA_NXZ 000000018000cdf0 f   ConEmuPlugin1900.obj
 0001:0000be60       ?GetActiveWindowType@CPluginW1900@@UEAAHXZ 000000018000ce60 f   ConEmuPlugin1900.obj
 0001:0000bf60       ?GetWindowTypeName@CPluginW1900@@UEAAPEB_WH@Z 000000018000cf60 f   ConEmuPlugin1900.obj
 0001:0000c020       ?GuiMacroDlg@CPluginW1900@@UEAAXXZ 000000018000d020 f   ConEmuPlugin1900.obj
 0001:0000c770       ?Open@CPluginW1900@@UEAAPEAXPEBX@Z 000000018000d770 f   ConEmuPlugin1900.obj
 0001:0000c9d0       GetGlobalInfoW             000000018000d9d0 f   ConEmuPlugin2800.obj
 0001:0000cbf0       ??0CPluginW2800@@QEAA@XZ   000000018000dbf0 f   ConEmuPlugin2800.obj
 0001:0000cef0       ??_ECPluginW2800@@UEAAPEAXI@Z 000000018000def0 f i ConEmuPlugin2800.obj
 0001:0000cef0       ??_GCPluginW2800@@UEAAPEAXI@Z 000000018000def0 f i ConEmuPlugin2800.obj
 0001:0000cf30       ??1CPluginW2800@@UEAA@XZ   000000018000df30 f i ConEmuPlugin2800.obj
 0001:0000cf60       ?GetPanelDir@CPluginW2800@@UEAAPEA_WKPEA_WH@Z 000000018000df60 f   ConEmuPlugin2800.obj
 0001:0000d190       ?GetPanelInfo@CPluginW2800@@UEAA_NKPEAUCEPanelInfo@@@Z 000000018000e190 f   ConEmuPlugin2800.obj
 0001:0000d740       ?GetPanelItemInfo@CPluginW2800@@UEAA_NAEBUCEPanelInfo@@_N_JAEAU_WIN32_FIND_DATAW@@PEAPEA_W@Z 000000018000e740 f   ConEmuPlugin2800.obj
 0001:0000da70       ?PanelControlApi@CPluginW2800@@UEAA_JPEAXH_J0@Z 000000018000ea70 f   ConEmuPlugin2800.obj
 0001:0000dae0       ?GetPluginInfoPtr@CPluginW2800@@UEAAXPEAX@Z 000000018000eae0 f   ConEmuPlugin2800.obj
 0001:0000db80       ?SetStartupInfoPtr@CPluginW2800@@UEAAXPEAX@Z 000000018000eb80 f   ConEmuPlugin2800.obj
 0001:0000dd50       ?GetEditorModifiedState@CPluginW2800@@UEAAKXZ 000000018000ed50 f   ConEmuPlugin2800.obj
 0001:0000ddc0       ?ProcessEditorEventPtr@CPluginW2800@@UEAAHPEAX@Z 000000018000edc0 f   ConEmuPlugin2800.obj
 0001:0000de00       ?ProcessViewerEventPtr@CPluginW2800@@UEAAHPEAX@Z 000000018000ee00 f   ConEmuPlugin2800.obj
 0001:0000de40       ?ProcessSynchroEventPtr@CPluginW2800@@UEAAHPEAX@Z 000000018000ee40 f   ConEmuPlugin2800.obj
 0001:0000de80       ?ProcessEditorInputPtr@CPluginW2800@@UEAAHPEBX@Z 000000018000ee80 f   ConEmuPlugin2800.obj
 0001:0000dec0       ?GetWindowCount@CPluginW2800@@UEAAHXZ 000000018000eec0 f   ConEmuPlugin2800.obj
 0001:0000df20       ?UpdateConEmuTabsApi@CPluginW2800@@UEAA_NH@Z 000000018000ef20 f   ConEmuPlugin2800.obj
 0001:0000e970       ?ExitFar@CPluginW2800@@UEAAXXZ 000000018000f970 f   ConEmuPlugin2800.obj
 0001:0000ea20       ?ShowMessage@CPluginW2800@@UEAAHPEB_WH_N@Z 000000018000fa20 f   ConEmuPlugin2800.obj
 0001:0000eae0       ?GetMsg@CPluginW2800@@UEAAPEB_WHPEA_W_K@Z 000000018000fae0 f   ConEmuPlugin2800.obj
 0001:0000eb80       ?SetWindow@CPluginW2800@@UEAAXH@Z 000000018000fb80 f   ConEmuPlugin2800.obj
 0001:0000ec00       ?PostMacroApi@CPluginW2800@@UEAAXPEB_WPEAU_INPUT_RECORD@@_N@Z 000000018000fc00 f   ConEmuPlugin2800.obj
 0001:0000f220       ?ShowPluginMenu@CPluginW2800@@UEAAHPEAUConEmuPluginMenuItem@@HH@Z 0000000180010220 f   ConEmuPlugin2800.obj
 0001:0000f500       ?OpenEditor@CPluginW2800@@UEAA_NPEB_W_N11HH@Z 0000000180010500 f   ConEmuPlugin2800.obj
 0001:0000f740       ?ExecuteSynchroApi@CPluginW2800@@UEAA_NXZ 0000000180010740 f   ConEmuPlugin2800.obj
 0001:0000f790       ?WaitEndSynchro@CPluginW2800@@UEAAXXZ 0000000180010790 f   ConEmuPlugin2800.obj
 0001:0000f7a0       ?StopWaitEndSynchro@CPluginW2800@@UEAAXXZ 00000001800107a0 f   ConEmuPlugin2800.obj
 0001:0000f7b0       ?IsMacroActive@CPluginW2800@@UEAA_NXZ 00000001800107b0 f   ConEmuPlugin2800.obj
 0001:0000f810       ?GetMacroArea@CPluginW2800@@UEAAHXZ 0000000180010810 f   ConEmuPlugin2800.obj
 0001:0000f850       ?RedrawAll@CPluginW2800@@UEAAXXZ 0000000180010850 f   ConEmuPlugin2800.obj
 0001:0000f8a0       ?InputBox@CPluginW2800@@UEAA_NPEB_W000AEAPEA_W@Z 00000001800108a0 f   ConEmuPlugin2800.obj
 0001:0000f970       ?ShowUserScreen@CPluginW2800@@UEAAX_N@Z 0000000180010970 f   ConEmuPlugin2800.obj
 0001:0000f9e0       ?LoadFarColors@CPluginW2800@@UEAAXAEAY0BAA@E@Z 00000001800109e0 f   ConEmuPlugin2800.obj
 0001:0000fc10       ?LoadFarSettings@CPluginW2800@@UEAAXPEAUCEFarInterfaceSettings@@PEAUCEFarPanelSettings@@@Z 0000000180010c10 f   ConEmuPlugin2800.obj
 0001:0000fec0       ?GetFarRect@CPluginW2800@@UEAA_NAEAU_SMALL_RECT@@@Z 0000000180010ec0 f   ConEmuPlugin2800.obj
 0001:0000ff50       ?CheckPanelExist@CPluginW2800@@UEAA_NXZ 0000000180010f50 f   ConEmuPlugin2800.obj
 0001:0000ffc0       ?GetActiveWindowType@CPluginW2800@@UEAAHXZ 0000000180010fc0 f   ConEmuPlugin2800.obj
 0001:000100d0       ?GetWindowTypeName@CPluginW2800@@UEAAPEB_WH@Z 00000001800110d0 f   ConEmuPlugin2800.obj
 0001:00010190       ?GuiMacroDlg@CPluginW2800@@UEAAXXZ 0000000180011190 f   ConEmuPlugin2800.obj
 0001:000108f0       ?Open@CPluginW2800@@UEAAPEAXPEBX@Z 00000001800118f0 f   ConEmuPlugin2800.obj
 0001:00010bf0       ??0FarMacroValue@@QEAA@XZ  0000000180011bf0 f i ConEmuPlugin2800.obj
 0001:00010c40       ??0?$MArray@UWindowInfo@@@@QEAA@XZ 0000000180011c40 f i ConEmuPlugin2800.obj
 0001:00010ca0       ??1?$MArray@UWindowInfo@@@@QEAA@XZ 0000000180011ca0 f i ConEmuPlugin2800.obj
 0001:00010cc0       ??A?$MArray@UWindowInfo@@@@QEBAAEBUWindowInfo@@_J@Z 0000000180011cc0 f i ConEmuPlugin2800.obj
 0001:00010ce0       ??A?$MArray@UWindowInfo@@@@QEAAAEAUWindowInfo@@_J@Z 0000000180011ce0 f i ConEmuPlugin2800.obj
 0001:00010d00       ?push_back@?$MArray@UWindowInfo@@@@QEAA_JAEBUWindowInfo@@@Z 0000000180011d00 f i ConEmuPlugin2800.obj
 0001:00010dd0       ?insert@?$MArray@UWindowInfo@@@@QEAAX_JAEBUWindowInfo@@@Z 0000000180011dd0 f i ConEmuPlugin2800.obj
 0001:00010ee0       ?erase@?$MArray@UWindowInfo@@@@QEAAX_J@Z 0000000180011ee0 f i ConEmuPlugin2800.obj
 0001:00010fa0       ?size@?$MArray@UWindowInfo@@@@QEBA_JXZ 0000000180011fa0 f i ConEmuPlugin2800.obj
 0001:00010fb0       ?clear@?$MArray@UWindowInfo@@@@QEAAXXZ 0000000180011fb0 f i ConEmuPlugin2800.obj
 0001:00011000       ?addsize@?$MArray@UWindowInfo@@@@QEAAX_J@Z 0000000180012000 f i ConEmuPlugin2800.obj
 0001:00011140       ??0CPluginW995@@QEAA@XZ    0000000180012140 f   ConEmuPlugin995.obj
 0001:00011450       ?Open@CPluginW995@@UEAAPEAXPEBX@Z 0000000180012450 f i ConEmuPlugin995.obj
 0001:00011470       ?ProcessEditorEventPtr@CPluginW995@@UEAAHPEAX@Z 0000000180012470 f i ConEmuPlugin995.obj
 0001:00011480       ?ProcessSynchroEventPtr@CPluginW995@@UEAAHPEAX@Z 0000000180012480 f i ConEmuPlugin995.obj
 0001:00011490       ?ProcessViewerEventPtr@CPluginW995@@UEAAHPEAX@Z 0000000180012490 f i ConEmuPlugin995.obj
 0001:000114a0       ??_ECPluginW995@@UEAAPEAXI@Z 00000001800124a0 f i ConEmuPlugin995.obj
 0001:000114a0       ??_GCPluginW995@@UEAAPEAXI@Z 00000001800124a0 f i ConEmuPlugin995.obj
 0001:000114e0       ??1CPluginW995@@UEAA@XZ    00000001800124e0 f i ConEmuPlugin995.obj
 0001:00011510       ?GetPanelDir@CPluginW995@@UEAAPEA_WKPEA_WH@Z 0000000180012510 f   ConEmuPlugin995.obj
 0001:00011700       ?GetPanelInfo@CPluginW995@@UEAA_NKPEAUCEPanelInfo@@@Z 0000000180012700 f   ConEmuPlugin995.obj
 0001:00011bc0       ?GetPanelItemInfo@CPluginW995@@UEAA_NAEBUCEPanelInfo@@_N_JAEAU_WIN32_FIND_DATAW@@PEAPEA_W@Z 0000000180012bc0 f   ConEmuPlugin995.obj
 0001:00011ed0       ?PanelControlApi@CPluginW995@@UEAA_JPEAXH_J0@Z 0000000180012ed0 f   ConEmuPlugin995.obj
 0001:00011f40       ?GetPluginInfoPtr@CPluginW995@@UEAAXPEAX@Z 0000000180012f40 f   ConEmuPlugin995.obj
 0001:00012000       ?SetStartupInfoPtr@CPluginW995@@UEAAXPEAX@Z 0000000180013000 f   ConEmuPlugin995.obj
 0001:00012200       ?GetEditorModifiedState@CPluginW995@@UEAAKXZ 0000000180013200 f   ConEmuPlugin995.obj
 0001:00012260       ?ProcessEditorInputPtr@CPluginW995@@UEAAHPEBX@Z 0000000180013260 f   ConEmuPlugin995.obj
 0001:000122a0       ?GetWindowCount@CPluginW995@@UEAAHXZ 00000001800132a0 f   ConEmuPlugin995.obj
 0001:00012300       ?UpdateConEmuTabsApi@CPluginW995@@UEAA_NH@Z 0000000180013300 f   ConEmuPlugin995.obj
 0001:00012680       ?ExitFar@CPluginW995@@UEAAXXZ 0000000180013680 f   ConEmuPlugin995.obj
 0001:00012730       ?ShowMessage@CPluginW995@@UEAAHPEB_WH_N@Z 0000000180013730 f   ConEmuPlugin995.obj
 0001:000127f0       ?GetMsg@CPluginW995@@UEAAPEB_WHPEA_W_K@Z 00000001800137f0 f   ConEmuPlugin995.obj
 0001:00012890       ?SetWindow@CPluginW995@@UEAAXH@Z 0000000180013890 f   ConEmuPlugin995.obj
 0001:00012910       ?PostMacroApi@CPluginW995@@UEAAXPEB_WPEAU_INPUT_RECORD@@_N@Z 0000000180013910 f   ConEmuPlugin995.obj
 0001:00012a10       ?ShowPluginMenu@CPluginW995@@UEAAHPEAUConEmuPluginMenuItem@@HH@Z 0000000180013a10 f   ConEmuPlugin995.obj
 0001:00012c90       ?OpenEditor@CPluginW995@@UEAA_NPEB_W_N11HH@Z 0000000180013c90 f   ConEmuPlugin995.obj
 0001:00012ea0       ?ExecuteSynchroApi@CPluginW995@@UEAA_NXZ 0000000180013ea0 f   ConEmuPlugin995.obj
 0001:00012ef0       ?WaitEndSynchro@CPluginW995@@UEAAXXZ 0000000180013ef0 f   ConEmuPlugin995.obj
 0001:00013160       ?StopWaitEndSynchro@CPluginW995@@UEAAXXZ 0000000180014160 f   ConEmuPlugin995.obj
 0001:000131a0       ?IsMacroActive@CPluginW995@@UEAA_NXZ 00000001800141a0 f   ConEmuPlugin995.obj
 0001:00013220       ?GetMacroArea@CPluginW995@@UEAAHXZ 0000000180014220 f   ConEmuPlugin995.obj
 0001:00013270       ?RedrawAll@CPluginW995@@UEAAXXZ 0000000180014270 f   ConEmuPlugin995.obj
 0001:000132c0       ?InputBox@CPluginW995@@UEAA_NPEB_W000AEAPEA_W@Z 00000001800142c0 f   ConEmuPlugin995.obj
 0001:00013370       ?ShowUserScreen@CPluginW995@@UEAAX_N@Z 0000000180014370 f   ConEmuPlugin995.obj
 0001:000133e0       ?LoadFarColors@CPluginW995@@UEAAXAEAY0BAA@E@Z 00000001800143e0 f   ConEmuPlugin995.obj
 0001:000134f0       ?LoadFarSettings@CPluginW995@@UEAAXPEAUCEFarInterfaceSettings@@PEAUCEFarPanelSettings@@@Z 00000001800144f0 f   ConEmuPlugin995.obj
 0001:00013580       ?GetFarRect@CPluginW995@@UEAA_NAEAU_SMALL_RECT@@@Z 0000000180014580 f   ConEmuPlugin995.obj
 0001:00013610       ?CheckPanelExist@CPluginW995@@UEAA_NXZ 0000000180014610 f   ConEmuPlugin995.obj
 0001:00013680       ?GetActiveWindowType@CPluginW995@@UEAAHXZ 0000000180014680 f   ConEmuPlugin995.obj
 0001:000137a0       ?GetWindowTypeName@CPluginW995@@UEAAPEB_WH@Z 00000001800147a0 f   ConEmuPlugin995.obj
 0001:00013860       ?GuiMacroDlg@CPluginW995@@UEAAXXZ 0000000180014860 f   ConEmuPlugin995.obj
 0001:00013f40       ??0CPluginAnsi@@QEAA@XZ    0000000180014f40 f   ConEmuPluginA.obj
 0001:00014210       ?ExecuteSynchroApi@CPluginAnsi@@UEAA_NXZ 0000000180015210 f i ConEmuPluginA.obj
 0001:00014220       ?GetFarRect@CPluginAnsi@@UEAA_NAEAU_SMALL_RECT@@@Z 0000000180015220 f i ConEmuPluginA.obj
 0001:00014230       ?Open@CPluginAnsi@@UEAAPEAXPEBX@Z 0000000180015230 f i ConEmuPluginA.obj
 0001:00014250       ?ProcessEditorEventPtr@CPluginAnsi@@UEAAHPEAX@Z 0000000180015250 f i ConEmuPluginA.obj
 0001:00014260       ?ProcessEditorInputPtr@CPluginAnsi@@UEAAHPEBX@Z 0000000180015260 f i ConEmuPluginA.obj
 0001:00014270       ?ProcessSynchroEventPtr@CPluginAnsi@@UEAAHPEAX@Z 0000000180015270 f i ConEmuPluginA.obj
 0001:00014280       ?ProcessViewerEventPtr@CPluginAnsi@@UEAAHPEAX@Z 0000000180015280 f i ConEmuPluginA.obj
 0001:00014290       ?StopWaitEndSynchro@CPluginAnsi@@UEAAXXZ 0000000180015290 f i ConEmuPluginA.obj
 0001:000142a0       ?WaitEndSynchro@CPluginAnsi@@UEAAXXZ 00000001800152a0 f i ConEmuPluginA.obj
 0001:000142b0       ??_ECPluginAnsi@@UEAAPEAXI@Z 00000001800152b0 f i ConEmuPluginA.obj
 0001:000142b0       ??_GCPluginAnsi@@UEAAPEAXI@Z 00000001800152b0 f i ConEmuPluginA.obj
 0001:000142f0       ??1CPluginAnsi@@UEAA@XZ    00000001800152f0 f i ConEmuPluginA.obj
 0001:00014320       ?GetPanelDir@CPluginAnsi@@UEAAPEA_WKPEA_WH@Z 0000000180015320 f   ConEmuPluginA.obj
 0001:00014490       ?GetPanelInfo@CPluginAnsi@@UEAA_NKPEAUCEPanelInfo@@@Z 0000000180015490 f   ConEmuPluginA.obj
 0001:000148c0       ?GetPanelItemInfo@CPluginAnsi@@UEAA_NAEBUCEPanelInfo@@_N_JAEAU_WIN32_FIND_DATAW@@PEAPEA_W@Z 00000001800158c0 f   ConEmuPluginA.obj
 0001:00014af0       ?PanelControlApi@CPluginAnsi@@UEAA_JPEAXH_J0@Z 0000000180015af0 f   ConEmuPluginA.obj
 0001:00014b60       ?SetStartupInfoPtr@CPluginAnsi@@UEAAXPEAX@Z 0000000180015b60 f   ConEmuPluginA.obj
 0001:00014d60       ?GetPluginInfoPtr@CPluginAnsi@@UEAAXPEAX@Z 0000000180015d60 f   ConEmuPluginA.obj
 0001:00014e50       ?GetEditorModifiedState@CPluginAnsi@@UEAAKXZ 0000000180015e50 f   ConEmuPluginA.obj
 0001:00014ec0       ?GetWindowCount@CPluginAnsi@@UEAAHXZ 0000000180015ec0 f   ConEmuPluginA.obj
 0001:00014f20       ?UpdateConEmuTabsApi@CPluginAnsi@@UEAA_NH@Z 0000000180015f20 f   ConEmuPluginA.obj
 0001:000152b0       ?ExitFar@CPluginAnsi@@UEAAXXZ 00000001800162b0 f   ConEmuPluginA.obj
 0001:00015310       ?SetWindow@CPluginAnsi@@UEAAXH@Z 0000000180016310 f   ConEmuPluginA.obj
 0001:00015390       ?PostMacroApi@CPluginAnsi@@UEAAXPEB_WPEAU_INPUT_RECORD@@_N@Z 0000000180016390 f   ConEmuPluginA.obj
 0001:000154c0       ?ShowPluginMenu@CPluginAnsi@@UEAAHPEAUConEmuPluginMenuItem@@HH@Z 00000001800164c0 f   ConEmuPluginA.obj
 0001:000157c0       ?OpenEditor@CPluginAnsi@@UEAA_NPEB_W_N11HH@Z 00000001800167c0 f   ConEmuPluginA.obj
 0001:000159f0       ?ShowMessage@CPluginAnsi@@UEAAHPEB_WH_N@Z 00000001800169f0 f   ConEmuPluginA.obj
 0001:00015b10       ?GetMsg@CPluginAnsi@@UEAAPEB_WHPEA_W_K@Z 0000000180016b10 f   ConEmuPluginA.obj
 0001:00015c10       ?IsMacroActive@CPluginAnsi@@UEAA_NXZ 0000000180016c10 f   ConEmuPluginA.obj
 0001:00015c90       ?GetMacroArea@CPluginAnsi@@UEAAHXZ 0000000180016c90 f   ConEmuPluginA.obj
 0001:00015ca0       ?RedrawAll@CPluginAnsi@@UEAAXXZ 0000000180016ca0 f   ConEmuPluginA.obj
 0001:00015cf0       ?InputBox@CPluginAnsi@@UEAA_NPEB_W000AEAPEA_W@Z 0000000180016cf0 f   ConEmuPluginA.obj
 0001:00015e80       ?ShowUserScreen@CPluginAnsi@@UEAAX_N@Z 0000000180016e80 f   ConEmuPluginA.obj
 0001:00015ef0       ?LoadFarColors@CPluginAnsi@@UEAAXAEAY0BAA@E@Z 0000000180016ef0 f   ConEmuPluginA.obj
 0001:00016000       ?LoadFarSettings@CPluginAnsi@@UEAAXPEAUCEFarInterfaceSettings@@PEAUCEFarPanelSettings@@@Z 0000000180017000 f   ConEmuPluginA.obj
 0001:00016090       ?CheckPanelExist@CPluginAnsi@@UEAA_NXZ 0000000180017090 f   ConEmuPluginA.obj
 0001:00016100       ?GetActiveWindowType@CPluginAnsi@@UEAAHXZ 0000000180017100 f   ConEmuPluginA.obj
 0001:00016180       ?GetWindowTypeName@CPluginAnsi@@UEAAPEB_WH@Z 0000000180017180 f   ConEmuPluginA.obj
 0001:00016240       ?GuiMacroDlg@CPluginAnsi@@UEAAXXZ 0000000180017240 f   ConEmuPluginA.obj
 0001:00016a40       ?Plugin@@YAPEAVCPluginBase@@XZ 0000000180017a40 f   ConEmuPluginBase.obj
 0001:00016ba0       ??0CPluginBase@@QEAA@XZ    0000000180017ba0 f   ConEmuPluginBase.obj
 0001:00016ef0       ??_ECPluginBase@@UEAAPEAXI@Z 0000000180017ef0 f i ConEmuPluginBase.obj
 0001:00016ef0       ??_GCPluginBase@@UEAAPEAXI@Z 0000000180017ef0 f i ConEmuPluginBase.obj
 0001:00016f30       ??1CPluginBase@@UEAA@XZ    0000000180017f30 f   ConEmuPluginBase.obj
 0001:00016f50       ?DllMain_ProcessAttach@CPluginBase@@KAXPEAUHINSTANCE__@@@Z 0000000180017f50 f   ConEmuPluginBase.obj
 0001:00017060       ?DllMain_ProcessDetach@CPluginBase@@KAXXZ 0000000180018060 f   ConEmuPluginBase.obj
 0001:00017230       ??_GMSection@@QEAAPEAXI@Z  0000000180018230 f i ConEmuPluginBase.obj
 0001:00017270       ??_GCPluginBackground@@QEAAPEAXI@Z 0000000180018270 f i ConEmuPluginBase.obj
 0001:000172b0       ?LoadFarVersion@CPluginBase@@SA_NXZ 00000001800182b0 f   ConEmuPluginBase.obj
 0001:00017690       ?ShowMessageGui@CPluginBase@@QEAAHHH@Z 0000000180018690 f   ConEmuPluginBase.obj
 0001:00017760       ?BackgroundMacroError@CPluginBase@@SAKPEAX@Z 0000000180018760 f   ConEmuPluginBase.obj
 0001:000177b0       ?PostMacro@CPluginBase@@QEAAXPEB_WPEAU_INPUT_RECORD@@_N@Z 00000001800187b0 f   ConEmuPluginBase.obj
 0001:00017870       ?isMacroActive@CPluginBase@@QEAA_NAEAH@Z 0000000180018870 f   ConEmuPluginBase.obj
 0001:00017900       ?CheckBufferEnabled@CPluginBase@@QEAA_NXZ 0000000180018900 f   ConEmuPluginBase.obj
 0001:000179b0       ?PanelControl@CPluginBase@@QEAA_JPEAXH_J0@Z 00000001800189b0 f   ConEmuPluginBase.obj
 0001:00017aa0       ?GetPanelInfo@CPluginBase@@QEAA_NKPEAUBkPanelInfo@@@Z 0000000180018aa0 f   ConEmuPluginBase.obj
 0001:00017b90       ?FillUpdateBackground@CPluginBase@@QEAAXPEAUPaintBackgroundArg@@@Z 0000000180018b90 f   ConEmuPluginBase.obj
 0001:00017dc0       ?StorePanelDirs@CPluginBase@@QEAA_NPEB_W0@Z 0000000180018dc0 f   ConEmuPluginBase.obj
 0001:00017ff0       wmemmove                   0000000180018ff0 f i ConEmuPluginBase.obj
 0001:00018020       ?UpdatePanelDirs@CPluginBase@@QEAAXXZ 0000000180019020 f   ConEmuPluginBase.obj
 0001:00018220       ?IsFarLua@FarVersion@@QEBA_NXZ 0000000180019220 f i ConEmuPluginBase.obj
 0001:00018280       ?RunExternalProgram@CPluginBase@@QEAA_NPEA_W@Z 0000000180019280 f   ConEmuPluginBase.obj
 0001:00018520       ?ProcessCommandLine@CPluginBase@@QEAA_NPEA_W@Z 0000000180019520 f   ConEmuPluginBase.obj
 0001:00018580       ?ShowPluginMenu@CPluginBase@@QEAAXW4PluginCallCommands@@@Z 0000000180019580 f   ConEmuPluginBase.obj
 0001:000188c0       ?ShowTabsList@CPluginBase@@QEAAXXZ 00000001800198c0 f   ConEmuPluginBase.obj
 0001:00018df0       ?ShowPanelsList@CPluginBase@@QEAAXXZ 0000000180019df0 f   ConEmuPluginBase.obj
 0001:00019000       ?DataSize@CESERVER_REQ@@QEAAKXZ 000000018001a000 f i ConEmuPluginBase.obj
 0001:00019040       ?EditViewConsoleOutput@CPluginBase@@QEAAX_N@Z 000000018001a040 f   ConEmuPluginBase.obj
 0001:00019150       ?SwitchTabCommand@CPluginBase@@QEAAXW4PluginMenuCommands@@@Z 000000018001a150 f   ConEmuPluginBase.obj
 0001:00019220       ?ProcessSynchroEvent@CPluginBase@@QEAAHHPEAX@Z 000000018001a220 f   ConEmuPluginBase.obj
 0001:000192e0       ?ProcessEditorInputInternal@CPluginBase@@QEAAXAEBU_INPUT_RECORD@@@Z 000000018001a2e0 f   ConEmuPluginBase.obj
 0001:00019340       ?ProcessEditorViewerEvent@CPluginBase@@QEAAHHH@Z 000000018001a340 f   ConEmuPluginBase.obj
 0001:00019490       ?isModalEditorViewer@CPluginBase@@QEAA_NXZ 000000018001a490 f   ConEmuPluginBase.obj
 0001:000194e0       ?GetMainThreadId@CPluginBase@@SAKXZ 000000018001a4e0 f   ConEmuPluginBase.obj
 0001:00019590       ?ShowConsoleInfo@CPluginBase@@QEAAXXZ 000000018001a590 f   ConEmuPluginBase.obj
 0001:00019830       ?RunExternalProgramW@CPluginBase@@SA_NPEA_W0_N@Z 000000018001a830 f   ConEmuPluginBase.obj
 0001:00019b50       ?StartDebugger@CPluginBase@@QEAA_NXZ 000000018001ab50 f   ConEmuPluginBase.obj
 0001:00019f20       ?Attach2Gui@CPluginBase@@QEAA_NXZ 000000018001af20 f   ConEmuPluginBase.obj
 0001:0001a4e0       ?FindServerCmd@CPluginBase@@QEAA_NKAEAK_N@Z 000000018001b4e0 f   ConEmuPluginBase.obj
 0001:0001a600       ?ShowMessage@CPluginBase@@QEAAHHH@Z 000000018001b600 f   ConEmuPluginBase.obj
 0001:0001a690       ?OutDataAlloc@CPluginBase@@SA_NK@Z 000000018001b690 f   ConEmuPluginBase.obj
 0001:0001a710       ?OutDataRealloc@CPluginBase@@SA_NK@Z 000000018001b710 f   ConEmuPluginBase.obj
 0001:0001a810       ?OutDataWrite@CPluginBase@@SA_NPEAXK@Z 000000018001b810 f   ConEmuPluginBase.obj
 0001:0001a900       ?CreateTabs@CPluginBase@@SA_NH@Z 000000018001b900 f   ConEmuPluginBase.obj
 0001:0001aa00       ?AddTab@CPluginBase@@QEAA_NAEAHH_N1HPEB_W2HHHH@Z 000000018001ba00 f   ConEmuPluginBase.obj
 0001:0001b040       wmemcmp                    000000018001c040 f i ConEmuPluginBase.obj
 0001:0001b0d0       ?SendTabs@CPluginBase@@SAXH_N@Z 000000018001c0d0 f   ConEmuPluginBase.obj
 0001:0001b310       ?CloseTabs@CPluginBase@@SAXXZ 000000018001c310 f   ConEmuPluginBase.obj
 0001:0001b3a0       ?UpdateConEmuTabs@CPluginBase@@QEAA_N_N@Z 000000018001c3a0 f   ConEmuPluginBase.obj
 0001:0001b7b0       ?CheckResources@CPluginBase@@QEAAX_N@Z 000000018001c7b0 f   ConEmuPluginBase.obj
 0001:0001b940       ?InitResources@CPluginBase@@QEAAXXZ 000000018001c940 f   ConEmuPluginBase.obj
 0001:0001bcd0       ?CloseMapHeader@CPluginBase@@SAXXZ 000000018001ccd0 f   ConEmuPluginBase.obj
 0001:0001bd00       ?OpenMapHeader@CPluginBase@@SAHXZ 000000018001cd00 f   ConEmuPluginBase.obj
 0001:0001be50       ?InitRootRegKey@CPluginBase@@IEAAXXZ 000000018001ce50 f   ConEmuPluginBase.obj
 0001:0001bfb0       ?SetRootRegKey@CPluginBase@@IEAAXPEA_W@Z 000000018001cfb0 f   ConEmuPluginBase.obj
 0001:0001c0e0       ?LoadPanelTabsFromRegistry@CPluginBase@@IEAAXXZ 000000018001d0e0 f   ConEmuPluginBase.obj
 0001:0001c250       ?InitHWND@CPluginBase@@SAXXZ 000000018001d250 f   ConEmuPluginBase.obj
 0001:0001c590       ?CheckConEmuDetached@CPluginBase@@SAXXZ 000000018001d590 f   ConEmuPluginBase.obj
 0001:0001c640       ?EmergencyShow@CPluginBase@@KAXXZ 000000018001d640 f   ConEmuPluginBase.obj
 0001:0001c6b0       ?MonitorThreadProcW@CPluginBase@@SAKPEAX@Z 000000018001d6b0 f   ConEmuPluginBase.obj
 0001:0001cbe0       ?OpenPluginCommon@CPluginBase@@QEAAPEAXH_J_N@Z 000000018001dbe0 f   ConEmuPluginBase.obj
 0001:0001d0b0       ?ExitFarCommon@CPluginBase@@QEAAXXZ 000000018001e0b0 f   ConEmuPluginBase.obj
 0001:0001d120       ?OnMainThreadActivated@CPluginBase@@QEAAXXZ 000000018001e120 f   ConEmuPluginBase.obj
 0001:0001d320       ?ProcessSetWindowCommand@CPluginBase@@QEAAXXZ 000000018001e320 f   ConEmuPluginBase.obj
 0001:0001d490       ?CommonPluginStartup@CPluginBase@@QEAAXXZ 000000018001e490 f   ConEmuPluginBase.obj
 0001:0001d5c0       ?StopThread@CPluginBase@@QEAAXXZ 000000018001e5c0 f   ConEmuPluginBase.obj
 0001:0001d9d0       ??_G?$MFileMapping@UCESERVER_CONSOLE_MAPPING_HDR@@@@QEAAPEAXI@Z 000000018001e9d0 f i ConEmuPluginBase.obj
 0001:0001da10       ?ShutdownPluginStep@CPluginBase@@SAXPEB_WHHHH@Z 000000018001ea10 f   ConEmuPluginBase.obj
 0001:0001da30       ?ExecuteSynchro@CPluginBase@@QEAAXXZ 000000018001ea30 f   ConEmuPluginBase.obj
 0001:0001db10       ?WaitPluginActivation@CPluginBase@@SAKKPEAPEAXHK@Z 000000018001eb10 f   ConEmuPluginBase.obj
 0001:0001dca0       ?ActivatePlugin@CPluginBase@@QEAA_NKPEAXK@Z 000000018001eca0 f   ConEmuPluginBase.obj
 0001:0001dfd0       ?cmd_OpenEditorLine@CPluginBase@@QEAA_NPEAUCESERVER_REQ_FAREDITOR@@@Z 000000018001efd0 f   ConEmuPluginBase.obj
 0001:0001e100       ?cmd_RedrawFarCall@CPluginBase@@QEAA_NAEAPEAUCESERVER_REQ@@PEAPEAU2@@Z 000000018001f100 f   ConEmuPluginBase.obj
 0001:0001e1f0       ?cmd_SetWindow@CPluginBase@@QEAA_NPEAX_N@Z 000000018001f1f0 f   ConEmuPluginBase.obj
 0001:0001e2d0       ?cmd_LeftClickSync@CPluginBase@@QEAAXPEAX@Z 000000018001f2d0 f   ConEmuPluginBase.obj
 0001:0001e460       ?cmd_CloseQSearch@CPluginBase@@QEAAXXZ 000000018001f460 f   ConEmuPluginBase.obj
 0001:0001e4c0       ?cmd_EMenu@CPluginBase@@QEAAXPEAX@Z 000000018001f4c0 f   ConEmuPluginBase.obj
 0001:0001e5d0       ?cmd_ExternalCallback@CPluginBase@@QEAA_NPEAX@Z 000000018001f5d0 f   ConEmuPluginBase.obj
 0001:0001e670       ?cmd_ConSetFont@CPluginBase@@QEAAXPEAX@Z 000000018001f670 f   ConEmuPluginBase.obj
 0001:0001e6f0       ?cmd_GuiChanged@CPluginBase@@QEAAXPEAX@Z 000000018001f6f0 f   ConEmuPluginBase.obj
 0001:0001e800       ?ProcessCommand@CPluginBase@@QEAA_NKHPEAXPEAPEAUCESERVER_REQ@@_N@Z 000000018001f800 f   ConEmuPluginBase.obj
 0001:0001ef20       ?FarSetConsoleSize@CPluginBase@@SA_NFF@Z 000000018001ff20 f   ConEmuPluginBase.obj
 0001:0001f080       ?ReloadFarInfoApi@CPluginBase@@IEAA_NXZ 0000000180020080 f   ConEmuPluginBase.obj
 0001:0001f330       ?ReloadFarInfo@CPluginBase@@QEAA_N_N@Z 0000000180020330 f   ConEmuPluginBase.obj
 0001:0001f640       ?pcc_Selected@CPluginBase@@SA_NW4PluginMenuCommands@@@Z 0000000180020640 f   ConEmuPluginBase.obj
 0001:0001f6c0       ?pcc_Disabled@CPluginBase@@SA_NW4PluginMenuCommands@@@Z 00000001800206c0 f   ConEmuPluginBase.obj
 0001:0001f7a0       ?TouchReadPeekConsoleInputs@CPluginBase@@SAXH@Z 00000001800207a0 f   ConEmuPluginBase.obj
 0001:0001f800       ?OnConsolePeekReadInput@CPluginBase@@SAX_N@Z 0000000180020800 f   ConEmuPluginBase.obj
 0001:0001fa70       ?ActiveServerPID@CESERVER_CONSOLE_MAPPING_HDR@@QEBAKXZ 0000000180020a70 f i ConEmuPluginBase.obj
 0001:0001fab0       ?UngetDummyMouseEvent@CPluginBase@@SA_N_NPEAUHookCallbackArg@@@Z 0000000180020ab0 f   ConEmuPluginBase.obj
 0001:0001fd20       ??4HANDLE2@@QEAAAEAU0@PEAX@Z 0000000180020d20 f i ConEmuPluginBase.obj
 0001:0001fd40       ?FillLoadedParm@CPluginBase@@SAXPEAUConEmuLoadedArg@@PEAUHINSTANCE__@@H@Z 0000000180020d40 f   ConEmuPluginBase.obj
 0001:0001fe80       ?NotifyConEmuUnloaded@CPluginBase@@SAXXZ 0000000180020e80 f   ConEmuPluginBase.obj
 0001:0001ffd0       ?OnPanelViewCallbacks@CPluginBase@@SA_NPEAUHookCallbackArg@@P6AHPEAXPEAU_INPUT_RECORD@@KPEAKPEAH@Z5@Z 0000000180020fd0 f   ConEmuPluginBase.obj
 0001:00020120       ?OnShellExecuteExW_Except@CPluginBase@@SAXPEAUHookCallbackArg@@@Z 0000000180021120 f   ConEmuPluginBase.obj
 0001:00020170       ?OnGetNumberOfConsoleInputEventsPost@CPluginBase@@SAXPEAUHookCallbackArg@@@Z 0000000180021170 f   ConEmuPluginBase.obj
 0001:000201b0       ?OnConsolePeekInput@CPluginBase@@SAHPEAUHookCallbackArg@@@Z 00000001800211b0 f   ConEmuPluginBase.obj
 0001:00020240       ?OnConsolePeekInputPost@CPluginBase@@SAXPEAUHookCallbackArg@@@Z 0000000180021240 f   ConEmuPluginBase.obj
 0001:00020290       ?OnConsoleReadInputWork@CPluginBase@@SAHPEAUHookCallbackArg@@@Z 0000000180021290 f   ConEmuPluginBase.obj
 0001:00020340       ?OnConsoleReadInput@CPluginBase@@SAHPEAUHookCallbackArg@@@Z 0000000180021340 f   ConEmuPluginBase.obj
 0001:00020360       ?OnConsoleReadInputPost@CPluginBase@@SAXPEAUHookCallbackArg@@@Z 0000000180021360 f   ConEmuPluginBase.obj
 0001:00020610       ?OnWriteConsoleOutput@CPluginBase@@SAHPEAUHookCallbackArg@@@Z 0000000180021610 f   ConEmuPluginBase.obj
 0001:00020730       ?OnConsoleDetaching@CPluginBase@@SAHPEAUHookCallbackArg@@@Z 0000000180021730 f   ConEmuPluginBase.obj
 0001:00020890       ?OnConsoleWasAttached@CPluginBase@@SAXPEAUHookCallbackArg@@@Z 0000000180021890 f   ConEmuPluginBase.obj
 0001:00020910       ?OnCurDirChanged@CPluginBase@@SAXXZ 0000000180021910 f   ConEmuPluginBase.obj
 0001:000209a0       ?OnLibraryLoaded@CPluginBase@@SAXPEAUHINSTANCE__@@@Z 00000001800219a0 f   ConEmuPluginBase.obj
 0001:00020a50       ?ToUnicode@CPluginBase@@SAPEA_WPEBD@Z 0000000180021a50 f   ConEmuPluginBase.obj
 0001:00020af0       ?ToOem@CPluginBase@@SAXPEB_WPEAD_J@Z 0000000180021af0 f   ConEmuPluginBase.obj
 0001:00020b70       ?ToOem@CPluginBase@@SAPEADPEB_W@Z 0000000180021b70 f   ConEmuPluginBase.obj
 0001:00020be0       ?ProcessDragFrom@CPluginBase@@QEAAXXZ 0000000180021be0 f   ConEmuPluginBase.obj
 0001:000214a0       ?ProcessDragTo@CPluginBase@@QEAAXXZ 00000001800224a0 f   ConEmuPluginBase.obj
 0001:00021960       ?IsCurrentTabModal@CPluginBase@@QEAA_NXZ 0000000180022960 f   ConEmuPluginBase.obj
 0001:00021a60       ?PrintText@CPluginBase@@QEAA_NPEB_W@Z 0000000180022a60 f   ConEmuPluginBase.obj
 0001:00021e40       ?Ptr@?$MFileMapping@UCESERVER_CONSOLE_MAPPING_HDR@@@@QEAAPEAUCESERVER_CONSOLE_MAPPING_HDR@@XZ 0000000180022e40 f i ConEmuPluginBase.obj
 0001:00021e50       ??$wcscpy_c@$0BBE@@@YAHAEAY0BBE@_WPEB_W@Z 0000000180022e50 f i ConEmuPluginBase.obj
 0001:00021e80       ??$wcscat_c@$0BBE@@@YAHAEAY0BBE@_WPEB_W@Z 0000000180022e80 f i ConEmuPluginBase.obj
 0001:00021eb0       ??$wcscat_c@$0CAE@@@YAHAEAY0CAE@_WPEB_W@Z 0000000180022eb0 f i ConEmuPluginBase.obj
 0001:00021ee0       ?EvaluateDefaultFontWidth@@YAHHPEB_W@Z 0000000180022ee0 f   EmergencyShow.obj
 0001:00022060       ?SetUserFriendlyFont@@YAXPEAUHWND__@@HH@Z 0000000180023060 f   EmergencyShow.obj
 0001:00022620       ?CorrectConsolePos@@YAXPEAUHWND__@@@Z 0000000180023620 f   EmergencyShow.obj
 0001:00022800       ?EmergencyShow@@YAXPEAUHWND__@@HH@Z 0000000180023800 f   EmergencyShow.obj
 0001:00022980       ?IsFileBatch@@YA_NPEB_W@Z  0000000180023980 f   Execute.obj
 0001:00022a20       ?GetImageSubsystem@@YA_NPEB_WAEAK11@Z 0000000180023a20 f   Execute.obj
 0001:00022e30       ?GetImageSubsystem@@YA_NAEAK0@Z 0000000180023e30 f   Execute.obj
 0001:00022f10       ?GetImageSubsystem@@YA_NU_PROCESS_INFORMATION@@AEAK1@Z 0000000180023f10 f   Execute.obj
 0001:00023210       ?GetEnclosingSectionHeader@@YAPEAU_IMAGE_SECTION_HEADER@@KPEAUIMAGE_MAPPING@@@Z 0000000180024210 f   Execute.obj
 0001:000232c0       ?GetPtrFromRVA@@YAPEAXKPEAUIMAGE_MAPPING@@@Z 00000001800242c0 f   Execute.obj
 0001:00023350       ?FindImageSubsystem@@YA_NPEB_WAEAK1PEAK@Z 0000000180024350 f   Execute.obj
 0001:000241c0       ?HeapInitialize@@YA_NXZ    00000001800251c0 f   Memory.obj
 0001:00024210       ?HeapDeinitialize@@YAXXZ   0000000180025210 f   Memory.obj
 0001:00024240       ?xf_malloc@@YAPEAX_K@Z     0000000180025240 f   Memory.obj
 0001:00024270       ?xf_calloc@@YAPEAX_K0@Z    0000000180025270 f   Memory.obj
 0001:000242b0       ?xf_realloc@@YAPEAXPEAX_K@Z 00000001800252b0 f   Memory.obj
 0001:000242f0       ?xf_free@@YAXPEAX@Z        00000001800252f0 f   Memory.obj
 0001:00024330       ?xf_validate@@YA_NPEAX@Z   0000000180025330 f   Memory.obj
 0001:00024380       ??2@YAPEAX_K@Z             0000000180025380 f   Memory.obj
 0001:000243b0       ??_U@YAPEAX_K@Z            00000001800253b0 f   Memory.obj
 0001:000243e0       ??3@YAXPEAX@Z              00000001800253e0 f   Memory.obj
 0001:00024400       ??_V@YAXPEAX@Z             0000000180025400 f   Memory.obj
 0001:00024420       ?lstrdup@@YAPEADPEBD@Z     0000000180025420 f   Memory.obj
 0001:000244a0       ?StringCchCopyA@@YAJPEAD_KPEBD@Z 00000001800254a0 f i Memory.obj
 0001:00024630       ?lstrdup@@YAPEA_WPEB_W_K@Z 0000000180025630 f   Memory.obj
 0001:000247f0       ?lstrdupW@@YAPEA_WPEBDI@Z  00000001800257f0 f   Memory.obj
 0001:00024890       ?lstrmerge@@YAPEA_WPEB_W0000@Z 0000000180025890 f   Memory.obj
 0001:00024a90       ?lstrmerge@@YA_NPEAPEA_WPEB_W111@Z 0000000180025a90 f   Memory.obj
 0001:00024b10       ?FindMonitorsWorkspace@@YAHPEAUHMONITOR__@@PEAUHDC__@@PEAUtagRECT@@_J@Z 0000000180025b10 f   Monitors.obj
 0001:00024bc0       ?GetAllMonitorsWorkspace@@YA?AUtagRECT@@XZ 0000000180025bc0 f   Monitors.obj
 0001:00024c50       ?FindPrimaryMonitor@@YAHPEAUHMONITOR__@@PEAUHDC__@@PEAUtagRECT@@_J@Z 0000000180025c50 f   Monitors.obj
 0001:00024ce0       ?GetMonitorInfoSafe@@YA_NPEAUHMONITOR__@@AEAUtagMONITORINFO@@@Z 0000000180025ce0 f   Monitors.obj
 0001:00024d50       ?GetPrimaryMonitorInfo@@YAPEAUHMONITOR__@@PEAUtagMONITORINFO@@@Z 0000000180025d50 f   Monitors.obj
 0001:00024e10       ?GetNearestMonitorInfo@@YAPEAUHMONITOR__@@PEAUtagMONITORINFO@@PEAU1@PEBUtagRECT@@PEAUHWND__@@@Z 0000000180025e10 f   Monitors.obj
 0001:00024f40       ?EnumAllMonitors@@YAHPEAUHMONITOR__@@PEAUHDC__@@PEAUtagRECT@@_J@Z 0000000180025f40 f   Monitors.obj
 0001:00024ff0       ?MonitorSortCallback@@YAHAEAU_FindAllMonitorsItem@@0@Z 0000000180025ff0 f   Monitors.obj
 0001:00025070       ?GetNextMonitorInfo@@YAPEAUHMONITOR__@@PEAUtagMONITORINFO@@PEBUtagRECT@@_N@Z 0000000180026070 f   Monitors.obj
 0001:00025300       ??0_FindAllMonitors@@QEAA@XZ 0000000180026300 f i Monitors.obj
 0001:00025320       ??1_FindAllMonitors@@QEAA@XZ 0000000180026320 f i Monitors.obj
 0001:00025340       ??0?$MArray@U_FindAllMonitorsItem@@@@QEAA@XZ 0000000180026340 f i Monitors.obj
 0001:000253a0       ??1?$MArray@U_FindAllMonitorsItem@@@@QEAA@XZ 00000001800263a0 f i Monitors.obj
 0001:000253c0       ??A?$MArray@U_FindAllMonitorsItem@@@@QEAAAEAU_FindAllMonitorsItem@@_J@Z 00000001800263c0 f i Monitors.obj
 0001:000253e0       ?push_back@?$MArray@U_FindAllMonitorsItem@@@@QEAA_JAEBU_FindAllMonitorsItem@@@Z 00000001800263e0 f i Monitors.obj
 0001:000254b0       ?size@?$MArray@U_FindAllMonitorsItem@@@@QEBA_JXZ 00000001800264b0 f i Monitors.obj
 0001:000254c0       ?sort@?$MArray@U_FindAllMonitorsItem@@@@QEAAXP6AHAEAU_FindAllMonitorsItem@@0@Z@Z 00000001800264c0 f i Monitors.obj
 0001:00025610       ?clear@?$MArray@U_FindAllMonitorsItem@@@@QEAAXXZ 0000000180026610 f i Monitors.obj
 0001:00025660       ?addsize@?$MArray@U_FindAllMonitorsItem@@@@QEAAX_J@Z 0000000180026660 f i Monitors.obj
 0001:000257a0       ??0MSection@@QEAA@XZ       00000001800267a0 f   MSection.obj
 0001:00025890       ??1MSection@@QEAA@XZ       0000000180026890 f   MSection.obj
 0001:00025960       ?Process_Lock@MSection@@IEAAXXZ 0000000180026960 f   MSection.obj
 0001:00025980       ?Process_Unlock@MSection@@IEAAXXZ 0000000180026980 f   MSection.obj
 0001:000259a0       ?ThreadTerminated@MSection@@QEAAXK@Z 00000001800269a0 f   MSection.obj
 0001:00025a10       ?AddRef@MSection@@IEAAXK@Z 0000000180026a10 f   MSection.obj
 0001:00025b60       ?ReleaseRef@MSection@@IEAAHK@Z 0000000180026b60 f   MSection.obj
 0001:00025c80       ?WaitUnlocked@MSection@@IEAAXKK@Z 0000000180026c80 f   MSection.obj
 0001:00025d50       ?MyEnterCriticalSection@MSection@@IEAA_NK@Z 0000000180026d50 f   MSection.obj
 0001:00025f20       ?Lock@MSection@@IEAAHHK@Z  0000000180026f20 f   MSection.obj
 0001:000260d0       ?Unlock@MSection@@IEAAXH@Z 00000001800270d0 f   MSection.obj
 0001:00026160       ?isLockedExclusive@MSection@@QEAA_NXZ 0000000180027160 f   MSection.obj
 0001:000261d0       ??0MSectionThread@@QEAA@PEAVMSection@@@Z 00000001800271d0 f   MSection.obj
 0001:00026210       ??1MSectionThread@@QEAA@XZ 0000000180027210 f   MSection.obj
 0001:00026250       ??0MSectionLock@@QEAA@XZ   0000000180027250 f   MSection.obj
 0001:00026280       ??1MSectionLock@@QEAA@XZ   0000000180027280 f   MSection.obj
 0001:000262b0       ?Lock@MSectionLock@@QEAAHPEAVMSection@@HK@Z 00000001800272b0 f   MSection.obj
 0001:00026380       ?RelockExclusive@MSectionLock@@QEAAHK@Z 0000000180027380 f   MSection.obj
 0001:00026410       ?Unlock@MSectionLock@@QEAAXXZ 0000000180027410 f   MSection.obj
 0001:00026460       ?isLocked@MSectionLock@@QEAAHH@Z 0000000180027460 f   MSection.obj
 0001:000264b0       ??0MSectionSimple@@QEAA@_N@Z 00000001800274b0 f   MSectionSimple.obj
 0001:00026510       ??1MSectionSimple@@QEAA@XZ 0000000180027510 f   MSectionSimple.obj
 0001:00026530       ?IsInitialized@MSectionSimple@@QEAA_NXZ 0000000180027530 f   MSectionSimple.obj
 0001:00026570       ?Init@MSectionSimple@@QEAAXXZ 0000000180027570 f   MSectionSimple.obj
 0001:000265a0       ?Close@MSectionSimple@@QEAAXXZ 00000001800275a0 f   MSectionSimple.obj
 0001:000265d0       ?Enter@MSectionSimple@@QEAAXXZ 00000001800275d0 f   MSectionSimple.obj
 0001:000265f0       ?Leave@MSectionSimple@@QEAAXXZ 00000001800275f0 f   MSectionSimple.obj
 0001:00026610       ?TryEnter@MSectionSimple@@QEAA_NXZ 0000000180027610 f   MSectionSimple.obj
 0001:00026650       ?RecreateAndLock@MSectionSimple@@QEAA_NXZ 0000000180027650 f   MSectionSimple.obj
 0001:000266f0       ??0MSectionLockSimple@@QEAA@XZ 00000001800276f0 f   MSectionSimple.obj
 0001:00026710       ??1MSectionLockSimple@@QEAA@XZ 0000000180027710 f   MSectionSimple.obj
 0001:00026740       ?Lock@MSectionLockSimple@@QEAAHPEAUMSectionSimple@@K@Z 0000000180027740 f   MSectionSimple.obj
 0001:00026810       ?Unlock@MSectionLockSimple@@QEAAXXZ 0000000180027810 f   MSectionSimple.obj
 0001:00026850       ?isLocked@MSectionLockSimple@@QEAAHXZ 0000000180027850 f   MSectionSimple.obj
 0001:00026860       ?NullSecurity@@YAPEAU_SECURITY_ATTRIBUTES@@XZ 0000000180027860 f   MSecurity.obj
 0001:000268c0       ??0MNullDesc@@QEAA@XZ      00000001800278c0 f i MSecurity.obj
 0001:00026940       ?NullSecurity@MNullDesc@@QEAAPEAU_SECURITY_ATTRIBUTES@@XZ 0000000180027940 f i MSecurity.obj
 0001:00026a80       ?LoadAdvApi@MNullDesc@@IEAAHXZ 0000000180027a80 f i MSecurity.obj
 0001:00026d40       ?UnloadAdvApi@MNullDesc@@IEAAXXZ 0000000180027d40 f i MSecurity.obj
 0001:00026d80       ?LocalSecurity@@YAPEAU_SECURITY_ATTRIBUTES@@XZ 0000000180027d80 f   MSecurity.obj
 0001:00026de0       ?LocalSecurity@MNullDesc@@QEAAPEAU_SECURITY_ATTRIBUTES@@XZ 0000000180027de0 f i MSecurity.obj
 0001:00027090       ?ShutdownSecurity@@YAXXZ   0000000180028090 f   MSecurity.obj
 0001:000270f0       ??_GMNullDesc@@QEAAPEAXI@Z 00000001800280f0 f i MSecurity.obj
 0001:00027130       ??1MNullDesc@@QEAA@XZ      0000000180028130 f i MSecurity.obj
 0001:000271b0       ??0MSetter@@QEAA@PEAJ@Z    00000001800281b0 f   MSetter.obj
 0001:00027200       ??0MSetter@@QEAA@PEA_N@Z   0000000180028200 f   MSetter.obj
 0001:00027250       ??0MSetter@@QEAA@PEAKK@Z   0000000180028250 f   MSetter.obj
 0001:000272a0       ??1MSetter@@QEAA@XZ        00000001800282a0 f   MSetter.obj
 0001:000272c0       ?Unlock@MSetter@@QEAAXXZ   00000001800282c0 f   MSetter.obj
 0001:00027340       ?msprintf@@YAPEB_WPEA_W_KPEB_WZZ 0000000180028340 f   MStrSafe.obj
 0001:00027d00       ?msprintf@@YAPEBDPEAD_KPEBDZZ 0000000180028d00 f   MStrSafe.obj
 0001:00028440       ?lstrcmpni@@YAHPEB_W0H@Z   0000000180029440 f   MStrSafe.obj
 0001:000284f0       ?startswith@@YAHPEB_W0_N@Z 00000001800294f0 f   MStrSafe.obj
 0001:000285a0       ??0CPluginBackground@@QEAA@XZ 00000001800295a0 f   PluginBackground.obj
 0001:00028850       ??1CPluginBackground@@QEAA@XZ 0000000180029850 f   PluginBackground.obj
 0001:00028b00       ?RegisterSubplugin@CPluginBackground@@QEAAHPEAURegisterBackgroundArg@@@Z 0000000180029b00 f   PluginBackground.obj
 0001:00028f60       ?ReallocItems@CPluginBackground@@IEAAXH@Z 0000000180029f60 f   PluginBackground.obj
 0001:00029000       ?OnMainThreadActivated@CPluginBackground@@QEAAXHH@Z 000000018002a000 f   PluginBackground.obj
 0001:00029170       ?SetForceCheck@CPluginBackground@@QEAAXXZ 000000018002a170 f   PluginBackground.obj
 0001:000291a0       ?SetForceUpdate@CPluginBackground@@QEAAX_N@Z 000000018002a1a0 f   PluginBackground.obj
 0001:000291e0       ?SetForceThLoad@CPluginBackground@@QEAAXXZ 000000018002a1e0 f   PluginBackground.obj
 0001:00029220       ?IsParmChanged@CPluginBackground@@IEAA_NPEAUPaintBackgroundArg@@0@Z 000000018002a220 f   PluginBackground.obj
 0001:00029570       ?CheckPanelFolders@CPluginBackground@@IEAAXH@Z 000000018002a570 f   PluginBackground.obj
 0001:000296a0       ?SetDcPanelRect@CPluginBackground@@IEAAXPEAUtagRECT@@PEAUBkPanelInfo@@PEAUPaintBackgroundArg@@@Z 000000018002a6a0 f   PluginBackground.obj
 0001:00029840       ?UpdateBackground_Exec@CPluginBackground@@KAXPEAURegisterBackgroundArg@@PEAUPaintBackgroundArg@@@Z 000000018002a840 f   PluginBackground.obj
 0001:000298a0       ?UpdateBackground@CPluginBackground@@IEAAXXZ 000000018002a8a0 f   PluginBackground.obj
 0001:0002a970       ?LoadThSet@CPluginBackground@@IEAAHH@Z 000000018002b970 f   PluginBackground.obj
 0001:0002abe0       ?MonitorBackground@CPluginBackground@@QEAAXXZ 000000018002bbe0 f   PluginBackground.obj
 0001:0002acc0       ?GetTo@?$MFileMapping@UPanelViewSetMapping@@@@QEAA_NPEAUPanelViewSetMapping@@H@Z 000000018002bcc0 f i PluginBackground.obj
 0001:0002ad20       ?InitName@?$MFileMapping@UPanelViewSetMapping@@@@QEAAPEB_WPEB_WKK@Z 000000018002bd20 f i PluginBackground.obj
 0001:0002ad80       ?CloseMap@?$MFileMapping@UPanelViewSetMapping@@@@QEAAXXZ 000000018002bd80 f i PluginBackground.obj
 0001:0002ae10       ?Open@?$MFileMapping@UPanelViewSetMapping@@@@QEAAPEAUPanelViewSetMapping@@HH@Z 000000018002be10 f i PluginBackground.obj
 0001:0002ae40       ??0?$MFileMapping@UPanelViewSetMapping@@@@QEAA@XZ 000000018002be40 f i PluginBackground.obj
 0001:0002aeb0       ??1?$MFileMapping@UPanelViewSetMapping@@@@QEAA@XZ 000000018002beb0 f i PluginBackground.obj
 0001:0002aee0       ?IsValid@?$MFileMapping@UPanelViewSetMapping@@@@QEAA_NXZ 000000018002bee0 f i PluginBackground.obj
 0001:0002af10       ?ClosePtr@?$MFileMapping@UPanelViewSetMapping@@@@QEAAXXZ 000000018002bf10 f i PluginBackground.obj
 0001:0002af50       ?InternalOpenCreate@?$MFileMapping@UPanelViewSetMapping@@@@IEAAPEAUPanelViewSetMapping@@HHH@Z 000000018002bf50 f i PluginBackground.obj
 0001:0002b330       ?PlugServerInit@@YAXXZ     000000018002c330 f   PluginSrv.obj
 0001:0002b340       ?PlugServerStart@@YA_NXZ   000000018002c340 f   PluginSrv.obj
 0001:0002b480       ?PlugServerStop@@YAX_N@Z   000000018002c480 f   PluginSrv.obj
 0001:0002b4d0       ?cmd_FarSetChanged@@YAXPEAUFAR_REQ_FARSETCHANGED@@@Z 000000018002c4d0 f   PluginSrv.obj
 0001:0002b550       ?PlugServerCommand@@YAHPEAXPEAUCESERVER_REQ@@AEAPEAU1@AEAK3_J@Z 000000018002c550 f   PluginSrv.obj
 0001:0002bf80       ?PlugServerFree@@YAXPEAUCESERVER_REQ@@_J@Z 000000018002cf80 f   PluginSrv.obj
 0001:0002bfa0       ?SetOverlapped@?$PipeServer@UCESERVER_REQ@@@@QEAAX_N@Z 000000018002cfa0 f i PluginSrv.obj
 0001:0002bfc0       ?SetLoopCommands@?$PipeServer@UCESERVER_REQ@@@@QEAAX_N@Z 000000018002cfc0 f i PluginSrv.obj
 0001:0002bfe0       ?SetDummyAnswerSize@?$PipeServer@UCESERVER_REQ@@@@QEAAXH@Z 000000018002cfe0 f i PluginSrv.obj
 0001:0002c000       ?SetMaxCount@?$PipeServer@UCESERVER_REQ@@@@QEAAXH@Z 000000018002d000 f i PluginSrv.obj
 0001:0002c050       ?StartPipeServer@?$PipeServer@UCESERVER_REQ@@@@QEAA_N_NPEB_W_JPEAU_SECURITY_ATTRIBUTES@@P6AHPEAXPEAUCESERVER_REQ@@AEAPEAU3@AEAK72@ZP6AX52@ZP6AH42@ZP6AH42@ZP6AH42@Z@Z 000000018002d050 f i PluginSrv.obj
 0001:0002c2c0       ?StopPipeServer@?$PipeServer@UCESERVER_REQ@@@@QEAAX_N@Z 000000018002d2c0 f i PluginSrv.obj
 0001:0002c920       ?BreakConnection@?$PipeServer@UCESERVER_REQ@@@@QEAAXPEAX@Z 000000018002d920 f i PluginSrv.obj
 0001:0002c950       ?DumpError@?$PipeServer@UCESERVER_REQ@@@@IEAAXPEAUPipeInst@1@PEB_WH@Z 000000018002d950 f i PluginSrv.obj
 0001:0002ca80       ?_Disconnect@?$PipeServer@UCESERVER_REQ@@@@IEAAXPEAUPipeInst@1@_N11@Z 000000018002da80 f i PluginSrv.obj
 0001:0002cb30       ?StartPipeInstance@?$PipeServer@UCESERVER_REQ@@@@IEAA_NPEAUPipeInst@1@@Z 000000018002db30 f i PluginSrv.obj
 0001:0002cca0       ?TerminatePipeThread@?$PipeServer@UCESERVER_REQ@@@@KAXPEAXAEBUPipeInst@1@@Z 000000018002dca0 f i PluginSrv.obj
 0001:0002ccd0       ?_PipeServerThread@?$PipeServer@UCESERVER_REQ@@@@KAKPEAX@Z 000000018002dcd0 f i PluginSrv.obj
 0001:0002cd60       ?PipeServerThread@?$PipeServer@UCESERVER_REQ@@@@IEAAKPEAUPipeInst@1@@Z 000000018002dd60 f i PluginSrv.obj
 0001:0002d2b0       ?PipeServerRead@?$PipeServer@UCESERVER_REQ@@@@IEAAHPEAUPipeInst@1@@Z 000000018002e2b0 f i PluginSrv.obj
 0001:0002d720       ?PipeServerWrite@?$PipeServer@UCESERVER_REQ@@@@IEAAHPEAUPipeInst@1@PEBXKPEAKH@Z 000000018002e720 f i PluginSrv.obj
 0001:0002d960       ?WaitForClient@?$PipeServer@UCESERVER_REQ@@@@IEAA_NPEAUPipeInst@1@AEAH1@Z 000000018002e960 f i PluginSrv.obj
 0001:0002df70       ?WriteDummyAnswer@?$PipeServer@UCESERVER_REQ@@@@IEAAHPEAUPipeInst@1@@Z 000000018002ef70 f i PluginSrv.obj
 0001:0002e010       ?WaitOverlapped@?$PipeServer@UCESERVER_REQ@@@@IEAAHPEAUPipeInst@1@PEAK@Z 000000018002f010 f i PluginSrv.obj
 0001:0002e300       ?AllocRequestBuf@PipeInst@?$PipeServer@UCESERVER_REQ@@@@QEAAPEAUCESERVER_REQ@@K@Z 000000018002f300 f i PluginSrv.obj
 0001:0002e3a0       ??$wcscpy_c@$0BAE@@@YAHAEAY0BAE@_WPEB_W@Z 000000018002f3a0 f i PluginSrv.obj
 0001:0002e500       ?SetConEmuEnvHWND@@YAXPEB_WPEAUHWND__@@@Z 000000018002f500 f   SetEnvVar.obj
 0001:0002e560       ?SetConEmuEnvVar@@YAXPEAUHWND__@@@Z 000000018002f560 f   SetEnvVar.obj
 0001:0002e5e0       ?SetConEmuEnvVarChild@@YAXPEAUHWND__@@0@Z 000000018002f5e0 f   SetEnvVar.obj
 0001:0002e620       ?SetConEmuWorkEnvVar@@YAXPEAUHINSTANCE__@@@Z 000000018002f620 f   SetEnvVar.obj
 0001:0002e7f0       ??0CEnvStrings@@QEAA@PEA_W@Z 000000018002f7f0 f   SetEnvVar.obj
 0001:0002e890       ??1CEnvStrings@@QEAA@XZ    000000018002f890 f   SetEnvVar.obj
 0001:0002e8d0       ?ShutdownConsole@@YAXXZ    000000018002f8d0 f   WConsole.obj
 0001:0002e920       ?SetConsoleInfo@@YAHPEAUHWND__@@PEAU_CONSOLE_INFO@@@Z 000000018002f920 f   WConsole.obj
 0001:0002ec50       ?ChangeScreenBufferSize@@YAXAEAU_CONSOLE_SCREEN_BUFFER_INFO@@FFFF@Z 000000018002fc50 f   WConsole.obj
 0001:0002edb0       ?GetConWindowSize@@YAHAEBU_CONSOLE_SCREEN_BUFFER_INFO@@HHKPEAH1PEAK@Z 000000018002fdb0 f   WConsole.obj
 0001:0002ef50       ?GetConsoleSizeInfo@@YAXPEAU_CONSOLE_INFO@@@Z 000000018002ff50 f   WConsole.obj
 0001:0002f020       ?apiGetConsoleScreenBufferInfoEx@@YAHPEAXPEAUMY_CONSOLE_SCREEN_BUFFER_INFOEX@@@Z 0000000180030020 f   WConsole.obj
 0001:0002f0a0       ?apiSetConsoleScreenBufferInfoEx@@YAHPEAXPEAUMY_CONSOLE_SCREEN_BUFFER_INFOEX@@@Z 00000001800300a0 f   WConsole.obj
 0001:0002f140       ?apiGetConsoleFontSize@@YAHPEAXAEAH1AEAY0CA@_W@Z 0000000180030140 f   WConsole.obj
 0001:0002f230       ?apiSetConsoleFontSize@@YAHPEAXHHPEB_W@Z 0000000180030230 f   WConsole.obj
 0001:0002f340       ?apiFixFontSizeForBufferSize@@YAHPEAXU_COORD@@PEADH@Z 0000000180030340 f   WConsole.obj
 0001:0002fa20       ?SetConsoleFontSizeTo@@YAXPEAUHWND__@@HHPEB_WGG@Z 0000000180030a20 f   WConsole.obj
 0001:000300b0       ?MyGetLargestConsoleWindowSize@@YA?AU_COORD@@PEAX@Z 00000001800310b0 f   WConsole.obj
 0001:000301a0       ?SearchAppPaths@@YA_NPEB_WAEAUCmdArg@@_NPEAU1@@Z 00000001800311a0 f   WFiles.obj
 0001:00030840       ?GetFullPathNameEx@@YAPEA_WPEB_W@Z 0000000180031840 f   WFiles.obj
 0001:00030940       ?FindFileName@@YA_NPEB_WAEAUCmdArg@@@Z 0000000180031940 f   WFiles.obj
 0001:00030b90       ?MakePathProperCase@@YA_NAEAUCmdArg@@@Z 0000000180031b90 f   WFiles.obj
 0001:00030ec0       ?ReadTextFile@@YAHPEB_WKAEAPEA_WAEAK2K@Z 0000000180031ec0 f   WFiles.obj
 0001:000314c0       ?WriteTextFile@@YAHPEB_W0HK_NPEAK@Z 00000001800324c0 f   WFiles.obj
 0001:00031880       ?FilesExists@@YA_NPEB_W0_NH@Z 0000000180032880 f   WFiles.obj
 0001:00031a20       ?IsDotsName@@YA_NPEB_W@Z   0000000180032a20 f   WFiles.obj
 0001:00031a80       ?FileExistSubDir@@YA_NPEB_W0HAEAUCmdArg@@@Z 0000000180032a80 f   WFiles.obj
 0001:00031cc0       ?DirectoryExists@@YA_NPEB_W@Z 0000000180032cc0 f   WFiles.obj
 0001:00031e60       ?MyCreateDirectory@@YA_NPEA_W@Z 0000000180032e60 f   WFiles.obj
 0001:00031fb0       ?FileCompare@@YA_NPEB_W0@Z 0000000180032fb0 f   WFiles.obj
 0001:000322a0       ?getWindowInfo@@YAXPEAUHWND__@@AEAY0EAA@_W_NPEAK@Z 00000001800332a0 f   WObjects.obj
 0001:000324a0       ?FileExists@@YA_NPEB_WPEAK@Z 00000001800334a0 f   WObjects.obj
 0001:000326c0       ?FileSearchInDir@@YA_NPEB_WAEAUCmdArg@@@Z 00000001800336c0 f   WObjects.obj
 0001:000328e0       ?FileExistsSearch@@YA_NPEB_WAEAUCmdArg@@_N2@Z 00000001800338e0 f   WObjects.obj
 0001:00032a20       ?GetShortFileName@@YA_NPEB_WHPEA_WH@Z 0000000180033a20 f   WObjects.obj
 0001:00032ca0       ?GetShortFileNameEx@@YAPEA_WPEB_WH@Z 0000000180033ca0 f   WObjects.obj
 0001:000331e0       ?IsWine@@YA_NXZ            00000001800341e0 f   WObjects.obj
 0001:00033370       ?IsWinPE@@YA_NXZ           0000000180034370 f   WObjects.obj
 0001:00033420       ?IsWin10@@YA_NXZ           0000000180034420 f   WObjects.obj
 0001:00033500       ?IsDbcs@@YA_NXZ            0000000180034500 f   WObjects.obj
 0001:00033540       ?IsWindows64@@YA_NXZ       0000000180034540 f   WObjects.obj
 0001:00033580       ?IsHwFullScreenAvailable@@YA_NXZ 0000000180034580 f   WObjects.obj
 0001:00033610       ?IsVsNetHostExe@@YA_NPEB_W@Z 0000000180034610 f   WObjects.obj
 0001:000336b0       ?GetProcessBits@@YAHKPEAX@Z 00000001800346b0 f   WObjects.obj
 0001:000337e0       ?GetProcessInfo@@YA_NKPEAUtagPROCESSENTRY32W@@@Z 00000001800347e0 f   WObjects.obj
 0001:000338d0       ?isTerminalMode@@YA_NXZ    00000001800348d0 f   WObjects.obj
 0001:00033c20       ?IsModuleValid@@YA_NPEAUHINSTANCE__@@H@Z 0000000180034c20 f   WObjects.obj
 0001:00033dc0       ?CheckCallbackPtr@@YA_NPEAUHINSTANCE__@@_KPEAP6A_JXZHHH@Z 0000000180034dc0 f   WObjects.obj
 0001:00033fb0       ?ExpandMacroValues@@YAPEA_WPEB_WPEAPEB_W_K@Z 0000000180034fb0 f   WObjects.obj
 0001:00034200       ?ExpandEnvStr@@YAPEA_WPEB_W@Z 0000000180035200 f   WObjects.obj
 0001:00034310       ?GetEnvVar@@YAPEA_WPEB_W@Z 0000000180035310 f   WObjects.obj
 0001:00034400       ?GetComspecFromEnvVar@@YAPEB_WPEA_WKW4ComSpecBits@@@Z 0000000180035400 f   WObjects.obj
 0001:00034760       ?GetComspec@@YAPEA_WPEBUConEmuComspec@@@Z 0000000180035760 f   WObjects.obj
 0001:00034a20       ?IsExportEnvVarAllowed@@YA_NPEB_W@Z 0000000180035a20 f   WObjects.obj
 0001:00034aa0       ?ApplyExportEnvVar@@YAXPEB_W@Z 0000000180035aa0 f   WObjects.obj
 0001:00034b40       ?CoordInSmallRect@@YA_NAEBU_COORD@@AEBU_SMALL_RECT@@@Z 0000000180035b40 f   WObjects.obj
 0001:00034bc0       ??$wcscpy_c@$0EAA@@@YAHAEAY0EAA@_WPEB_W@Z 0000000180035bc0 f i WObjects.obj
 0001:00034bf0       ??$wcscpy_c@$0BAA@@@YAHAEAY0BAA@_WPEB_W@Z 0000000180035bf0 f i WObjects.obj
 0001:00034c20       ?apiSetForegroundWindow@@YA_NPEAUHWND__@@@Z 0000000180035c20 f   WUser.obj
 0001:00034c60       ?apiShowWindow@@YA_NPEAUHWND__@@H@Z 0000000180035c60 f   WUser.obj
 0001:00034ca0       ?apiShowWindowAsync@@YA_NPEAUHWND__@@H@Z 0000000180035ca0 f   WUser.obj
 0001:00034ce0       ?IsUserAdmin@@YA_NXZ       0000000180035ce0 f   WUser.obj
 0001:00034e40       ?GetLogonSID@@YA_NPEAXPEAPEA_W@Z 0000000180035e40 f   WUser.obj
 0001:00034fa0       ?RemoveOldComSpecC@@YAXXZ  0000000180035fa0 f   WUser.obj
 0001:000350f0       ?DuplicateProcessHandle@@YAPEAXK@Z 00000001800360f0 f   WUser.obj
 0001:00035180       ?FindComspec@@YAXPEAUConEmuComspec@@_N@Z 0000000180036180 f   WUser.obj
 0001:00035ce0       ?UpdateComspec@@YAXPEAUConEmuComspec@@_N@Z 0000000180036ce0 f   WUser.obj
 0001:00036120       ?SetEnvVarExpanded@@YAXPEB_W0@Z 0000000180037120 f   WUser.obj
 0001:0003636c       SetEnvironmentVariableW    000000018003736c f   kernel32:KERNEL32.dll
 0001:00036372       lstrlenW                   0000000180037372 f   kernel32:KERNEL32.dll
 0001:00036378       lstrcpynW                  0000000180037378 f   kernel32:KERNEL32.dll
 0001:0003637e       lstrcmpiW                  000000018003737e f   kernel32:KERNEL32.dll
 0001:00036384       lstrcmpW                   0000000180037384 f   kernel32:KERNEL32.dll
 0001:0003638a       GetCurrentDirectoryW       000000018003738a f   kernel32:KERNEL32.dll
 0001:00036390       SearchPathW                0000000180037390 f   kernel32:KERNEL32.dll
 0001:00036396       GetProcAddress             0000000180037396 f   kernel32:KERNEL32.dll
 0001:0003639c       GetModuleHandleW           000000018003739c f   kernel32:KERNEL32.dll
 0001:000363a2       GetModuleFileNameW         00000001800373a2 f   kernel32:KERNEL32.dll
 0001:000363a8       SetNamedPipeHandleState    00000001800373a8 f   kernel32:KERNEL32.dll
 0001:000363ae       GetCurrentProcessId        00000001800373ae f   kernel32:KERNEL32.dll
 0001:000363b4       Sleep                      00000001800373b4 f   kernel32:KERNEL32.dll
 0001:000363ba       SetLastError               00000001800373ba f   kernel32:KERNEL32.dll
 0001:000363c0       WaitNamedPipeW             00000001800373c0 f   kernel32:KERNEL32.dll
 0001:000363c6       WaitForSingleObject        00000001800373c6 f   kernel32:KERNEL32.dll
 0001:000363cc       GetLastError               00000001800373cc f   kernel32:KERNEL32.dll
 0001:000363d2       CreateFileW                00000001800373d2 f   kernel32:KERNEL32.dll
 0001:000363d8       GetTickCount               00000001800373d8 f   kernel32:KERNEL32.dll
 0001:000363de       IsDebuggerPresent          00000001800373de f   kernel32:KERNEL32.dll
 0001:000363e4       GetCurrentThreadId         00000001800373e4 f   kernel32:KERNEL32.dll
 0001:000363ea       ReadFile                   00000001800373ea f   kernel32:KERNEL32.dll
 0001:000363f0       CloseHandle                00000001800373f0 f   kernel32:KERNEL32.dll
 0001:000363f6       TransactNamedPipe          00000001800373f6 f   kernel32:KERNEL32.dll
 0001:000363fc       WriteFile                  00000001800373fc f   kernel32:KERNEL32.dll
 0001:00036402       GetConsoleWindow           0000000180037402 f   kernel32:KERNEL32.dll
 0001:00036408       UnmapViewOfFile            0000000180037408 f   kernel32:KERNEL32.dll
 0001:0003640e       MapViewOfFile              000000018003740e f   kernel32:KERNEL32.dll
 0001:00036414       OpenFileMappingW           0000000180037414 f   kernel32:KERNEL32.dll
 0001:0003641a       LoadLibraryW               000000018003741a f   kernel32:KERNEL32.dll
 0001:00036420       CreateFileMappingW         0000000180037420 f   kernel32:KERNEL32.dll
 0001:00036426       VirtualProtect             0000000180037426 f   kernel32:KERNEL32.dll
 0001:0003642c       CreateThread               000000018003742c f   kernel32:KERNEL32.dll
 0001:00036432       lstrcpyW                   0000000180037432 f   kernel32:KERNEL32.dll
 0001:00036438       MultiByteToWideChar        0000000180037438 f   kernel32:KERNEL32.dll
 0001:0003643e       lstrcpynA                  000000018003743e f   kernel32:KERNEL32.dll
 0001:00036444       lstrlenA                   0000000180037444 f   kernel32:KERNEL32.dll
 0001:0003644a       WideCharToMultiByte        000000018003744a f   kernel32:KERNEL32.dll
 0001:00036450       lstrcpyA                   0000000180037450 f   kernel32:KERNEL32.dll
 0001:00036456       lstrcatW                   0000000180037456 f   kernel32:KERNEL32.dll
 0001:0003645c       GetConsoleCursorInfo       000000018003745c f   kernel32:KERNEL32.dll
 0001:00036462       GetConsoleScreenBufferInfo 0000000180037462 f   kernel32:KERNEL32.dll
 0001:00036468       GetStdHandle               0000000180037468 f   kernel32:KERNEL32.dll
 0001:0003646e       GetConsoleTitleW           000000018003746e f   kernel32:KERNEL32.dll
 0001:00036474       DeleteFileW                0000000180037474 f   kernel32:KERNEL32.dll
 0001:0003647a       Thread32Next               000000018003747a f   kernel32:KERNEL32.dll
 0001:00036480       Thread32First              0000000180037480 f   kernel32:KERNEL32.dll
 0001:00036486       CreateToolhelp32Snapshot   0000000180037486 f   kernel32:KERNEL32.dll
 0001:0003648c       GetConsoleMode             000000018003748c f   kernel32:KERNEL32.dll
 0001:00036492       GetExitCodeProcess         0000000180037492 f   kernel32:KERNEL32.dll
 0001:00036498       CreateProcessW             0000000180037498 f   kernel32:KERNEL32.dll
 0001:0003649e       SetConsoleMode             000000018003749e f   kernel32:KERNEL32.dll
 0001:000364a4       GetEnvironmentStringsW     00000001800374a4 f   kernel32:KERNEL32.dll
 0001:000364aa       GetEnvironmentVariableW    00000001800374aa f   kernel32:KERNEL32.dll
 0001:000364b0       WaitForMultipleObjects     00000001800374b0 f   kernel32:KERNEL32.dll
 0001:000364b6       CreateEventW               00000001800374b6 f   kernel32:KERNEL32.dll
 0001:000364bc       SetConsoleTitleW           00000001800374bc f   kernel32:KERNEL32.dll
 0001:000364c2       CreateSemaphoreW           00000001800374c2 f   kernel32:KERNEL32.dll
 0001:000364c8       ResetEvent                 00000001800374c8 f   kernel32:KERNEL32.dll
 0001:000364ce       TerminateProcess           00000001800374ce f   kernel32:KERNEL32.dll
 0001:000364d4       GetCurrentProcess          00000001800374d4 f   kernel32:KERNEL32.dll
 0001:000364da       SetEvent                   00000001800374da f   kernel32:KERNEL32.dll
 0001:000364e0       IsBadStringPtrW            00000001800374e0 f   kernel32:KERNEL32.dll
 0001:000364e6       Module32NextW              00000001800374e6 f   kernel32:KERNEL32.dll
 0001:000364ec       Module32FirstW             00000001800374ec f   kernel32:KERNEL32.dll
 0001:000364f2       TerminateThread            00000001800374f2 f   kernel32:KERNEL32.dll
 0001:000364f8       ReleaseSemaphore           00000001800374f8 f   kernel32:KERNEL32.dll
 0001:000364fe       WriteConsoleInputW         00000001800374fe f   kernel32:KERNEL32.dll
 0001:00036504       GetNumberOfConsoleInputEvents 0000000180037504 f   kernel32:KERNEL32.dll
 0001:0003650a       ReadConsoleInputW          000000018003750a f   kernel32:KERNEL32.dll
 0001:00036510       PeekConsoleInputW          0000000180037510 f   kernel32:KERNEL32.dll
 0001:00036516       SuspendThread              0000000180037516 f   kernel32:KERNEL32.dll
 0001:0003651c       ResumeThread               000000018003751c f   kernel32:KERNEL32.dll
 0001:00036522       VerifyVersionInfoW         0000000180037522 f   kernel32:KERNEL32.dll
 0001:00036528       VerSetConditionMask        0000000180037528 f   kernel32:KERNEL32.dll
 0001:0003652e       ReleaseMutex               000000018003752e f   kernel32:KERNEL32.dll
 0001:00036534       CreateMutexW               0000000180037534 f   kernel32:KERNEL32.dll
 0001:0003653a       SetFilePointer             000000018003753a f   kernel32:KERNEL32.dll
 0001:00036540       GetFileInformationByHandle 0000000180037540 f   kernel32:KERNEL32.dll
 0001:00036546       ReadProcessMemory          0000000180037546 f   kernel32:KERNEL32.dll
 0001:0003654c       FreeLibrary                000000018003754c f   kernel32:KERNEL32.dll
 0001:00036552       ExpandEnvironmentStringsW  0000000180037552 f   kernel32:KERNEL32.dll
 0001:00036558       DebugBreak                 0000000180037558 f   kernel32:KERNEL32.dll
 0001:0003655e       HeapCreate                 000000018003755e f   kernel32:KERNEL32.dll
 0001:00036564       HeapDestroy                0000000180037564 f   kernel32:KERNEL32.dll
 0001:0003656a       HeapAlloc                  000000018003756a f   kernel32:KERNEL32.dll
 0001:00036570       HeapReAlloc                0000000180037570 f   kernel32:KERNEL32.dll
 0001:00036576       HeapFree                   0000000180037576 f   kernel32:KERNEL32.dll
 0001:0003657c       HeapValidate               000000018003757c f   kernel32:KERNEL32.dll
 0001:00036582       OpenThread                 0000000180037582 f   kernel32:KERNEL32.dll
 0001:00036588       InitializeCriticalSection  0000000180037588 f   kernel32:KERNEL32.dll
 0001:0003658e       DeleteCriticalSection      000000018003758e f   kernel32:KERNEL32.dll
 0001:00036594       EnterCriticalSection       0000000180037594 f   kernel32:KERNEL32.dll
 0001:0003659a       LeaveCriticalSection       000000018003759a f   kernel32:KERNEL32.dll
 0001:000365a0       TryEnterCriticalSection    00000001800375a0 f   kernel32:KERNEL32.dll
 0001:000365a6       LocalFree                  00000001800375a6 f   kernel32:KERNEL32.dll
 0001:000365ac       LocalAlloc                 00000001800375ac f   kernel32:KERNEL32.dll
 0001:000365b2       DisconnectNamedPipe        00000001800375b2 f   kernel32:KERNEL32.dll
 0001:000365b8       SetThreadPriority          00000001800375b8 f   kernel32:KERNEL32.dll
 0001:000365be       FlushFileBuffers           00000001800375be f   kernel32:KERNEL32.dll
 0001:000365c4       GetOverlappedResult        00000001800375c4 f   kernel32:KERNEL32.dll
 0001:000365ca       ConnectNamedPipe           00000001800375ca f   kernel32:KERNEL32.dll
 0001:000365d0       CreateNamedPipeW           00000001800375d0 f   kernel32:KERNEL32.dll
 0001:000365d6       FreeEnvironmentStringsW    00000001800375d6 f   kernel32:KERNEL32.dll
 0001:000365dc       SetConsoleWindowInfo       00000001800375dc f   kernel32:KERNEL32.dll
 0001:000365e2       GetConsoleOutputCP         00000001800375e2 f   kernel32:KERNEL32.dll
 0001:000365e8       GetLargestConsoleWindowSize 00000001800375e8 f   kernel32:KERNEL32.dll
 0001:000365ee       GetFullPathNameW           00000001800375ee f   kernel32:KERNEL32.dll
 0001:000365f4       FindClose                  00000001800375f4 f   kernel32:KERNEL32.dll
 0001:000365fa       FindFirstFileW             00000001800375fa f   kernel32:KERNEL32.dll
 0001:00036600       GetFileSize                0000000180037600 f   kernel32:KERNEL32.dll
 0001:00036606       FindNextFileW              0000000180037606 f   kernel32:KERNEL32.dll
 0001:0003660c       CreateDirectoryW           000000018003760c f   kernel32:KERNEL32.dll
 0001:00036612       GetFileSizeEx              0000000180037612 f   kernel32:KERNEL32.dll
 0001:00036618       OpenProcess                0000000180037618 f   kernel32:KERNEL32.dll
 0001:0003661e       Process32NextW             000000018003761e f   kernel32:KERNEL32.dll
 0001:00036624       Process32FirstW            0000000180037624 f   kernel32:KERNEL32.dll
 0001:0003662a       IsBadReadPtr               000000018003762a f   kernel32:KERNEL32.dll
 0001:00036630       VirtualFree                0000000180037630 f   kernel32:KERNEL32.dll
 0001:00036636       VirtualAlloc               0000000180037636 f   kernel32:KERNEL32.dll
 0001:0003663c       GetSystemInfo              000000018003763c f   kernel32:KERNEL32.dll
[...]
 0003:00002fe8       ?ghRegMonitorEvt@@3PEAXEA  0000000180054fe8     ConEmuPluginBase.obj
 0003:00002ff0       ?ghPluginSemaphore@@3PEAXEA 0000000180054ff0     ConEmuPluginBase.obj
 0003:00002ff8       ?gbNeedPostEditCheck@@3HA  0000000180054ff8     ConEmuPluginBase.obj
 0003:00002ffc       ?gbNeedPostReloadFarInfo@@3HA 0000000180054ffc     ConEmuPluginBase.obj
 0003:00003000       ?gsFarLang@@3PA_WA         0000000180055000     ConEmuPluginBase.obj
 0003:00003080       ?gnNeedPostTabSendTick@@3KA 0000000180055080     ConEmuPluginBase.obj
 0003:00003084       ?gbStartedUnderConsole2@@3HA 0000000180055084     ConEmuPluginBase.obj
 0003:00003088       ?gpConMapInfo@@3PEBUCESERVER_CONSOLE_MAPPING_HDR@@EB 0000000180055088     ConEmuPluginBase.obj
 0003:00003090       ?gnSelfPID@@3KA            0000000180055090     ConEmuPluginBase.obj
 0003:00003094       ?gbWaitConsoleInputEmpty@@3HA 0000000180055094     ConEmuPluginBase.obj
 0003:00003098       ?ghFarInfoMapping@@3PEAXEA 0000000180055098     ConEmuPluginBase.obj
 0003:000030a0       ?gpFarInfo@@3PEAUCEFAR_INFO_MAPPING@@EA 00000001800550a0     ConEmuPluginBase.obj
 0003:000030a8       ?gpFarInfoMapping@@3PEAUCEFAR_INFO_MAPPING@@EA 00000001800550a8     ConEmuPluginBase.obj
 0003:000030b0       ?ghFarAliveEvent@@3PEAXEA  00000001800550b0     ConEmuPluginBase.obj
 0003:000030b8       ?gPanelRegLeft@@3UPanelViewRegInfo@@A 00000001800550b8     ConEmuPluginBase.obj
 0003:000030e8       ?gPanelRegRight@@3UPanelViewRegInfo@@A 00000001800550e8     ConEmuPluginBase.obj
 0003:00003118       ?ghConEmuCtrlPressed@@3PEAXEA 0000000180055118     ConEmuPluginBase.obj
 0003:00003120       ?ghConEmuShiftPressed@@3PEAXEA 0000000180055120     ConEmuPluginBase.obj
 0003:00003128       ?gbWaitConsoleWrite@@3HA   0000000180055128     ConEmuPluginBase.obj
 0003:0000312c       ?gnSynchroCount@@3HA       000000018005512c     ConEmuPluginBase.obj
 0003:00003130       ?ghConsoleInputEmpty@@3PEAXEA 0000000180055130     ConEmuPluginBase.obj
 0003:00003138       ?ghConsoleWrite@@3PEAXEA   0000000180055138     ConEmuPluginBase.obj
 0003:00003158       ?AssertMsgBox@@3P6AHPEB_WI0PEAUHWND__@@_N@ZEA 0000000180055158     MAssert.obj
 0003:00003160       ?ghHeap@@3PEAXEA           0000000180055160     Memory.obj
 0003:00003168       ?gNullDesc@@3PEAVMNullDesc@@EA 0000000180055168     MSecurity.obj
 0003:00003170       ?gbNeedBgActivate@@3HA     0000000180055170     PluginBackground.obj
 0003:00003174       ?gbBgPluginsAllowed@@3HA   0000000180055174     PluginBackground.obj
 0003:00003178       ?gpBgPlugin@@3PEAVCPluginBackground@@EA 0000000180055178     PluginBackground.obj
 0003:00003180       ?gszPluginServerPipe@@3PA_WA 0000000180055180     PluginSrv.obj
 0003:00003388       ?gpPlugServer@@3PEAU?$PipeServer@UCESERVER_REQ@@@@EA 0000000180055388     PluginSrv.obj
 0003:00003390       ?ghServerTerminateEvent@@3PEAXEA 0000000180055390     PluginSrv.obj
 0003:00003398       ?gpConsoleInfoStr@@3PEAU_CONSOLE_INFO@@EA 0000000180055398     WConsole.obj
 0003:000033a0       ?ghConsoleSection@@3PEAXEA 00000001800553a0     WConsole.obj
 0003:00003424       __error_mode               0000000180055424     LIBCMT:dllcrt0.obj
 0003:00003428       _aenvptr                   0000000180055428     LIBCMT:dllcrt0.obj
 0003:00003430       _wenvptr                   0000000180055430     LIBCMT:dllcrt0.obj
 0003:00003438       __app_type                 0000000180055438     LIBCMT:dllcrt0.obj
 0003:00003760       __pPurecall                0000000180055760     LIBCMT:inithelp.obj
 0003:00003768       _maxwait                   0000000180055768     LIBCMT:crtheap.obj
 0003:00003770       _umaskval                  0000000180055770     LIBCMT:crt0dat.obj
 0003:00003774       __argc                     0000000180055774     LIBCMT:crt0dat.obj
 0003:00003778       __argv                     0000000180055778     LIBCMT:crt0dat.obj
 0003:00003780       __wargv                    0000000180055780     LIBCMT:crt0dat.obj
 0003:00003788       _environ                   0000000180055788     LIBCMT:crt0dat.obj
 0003:00003790       __initenv                  0000000180055790     LIBCMT:crt0dat.obj
 0003:00003798       _wenviron                  0000000180055798     LIBCMT:crt0dat.obj
 0003:000037a0       __winitenv                 00000001800557a0     LIBCMT:crt0dat.obj
 0003:000037a8       _pgmptr                    00000001800557a8     LIBCMT:crt0dat.obj
 0003:000037b0       _wpgmptr                   00000001800557b0     LIBCMT:crt0dat.obj
 0003:000037b8       _exitflag                  00000001800557b8     LIBCMT:crt0dat.obj
 0003:000037bc       _C_Termination_Done        00000001800557bc     LIBCMT:crt0dat.obj
 0003:000037c0       _C_Exit_Done               00000001800557c0     LIBCMT:crt0dat.obj
 0003:000038e0       _crtheap                   00000001800558e0     LIBCMT:heapinit.obj
 0003:00003910       __pInvalidArgHandler       0000000180055910     LIBCMT:invarg.obj
 0003:00003b70       __locale_changed           0000000180055b70     LIBCMT:setlocal.obj
 0003:00003b78       __lc_handle                0000000180055b78     LIBCMT:nlsdata2.obj
 0003:00003b90       __lc_codepage              0000000180055b90     LIBCMT:nlsdata2.obj
 0003:00003b94       __lc_collate_cp            0000000180055b94     LIBCMT:nlsdata2.obj
 0003:00003ba0       __mbulinfo                 0000000180055ba0     LIBCMT:mbctype.obj
 0003:00003bac       __mbcodepage               0000000180055bac     LIBCMT:mbctype.obj
 0003:00003bb0       __ismbcodepage             0000000180055bb0     LIBCMT:mbctype.obj
 0003:00003bb4       __mblcid                   0000000180055bb4     LIBCMT:mbctype.obj
 0003:00003bc0       ?__pInconsistency@@3P6AXXZEA 0000000180055bc0     LIBCMT:hooks.obj
 0003:00003bd8       ?_pnhHeap@@3P6AH_K@ZEA     0000000180055bd8     LIBCMT:handler.obj
 0003:00003be0       __lconv_static_null        0000000180055be0     LIBCMT:lconv.obj
 0003:00004160       _newmode                   0000000180056160     LIBCMT:_newmode.obj
 0003:00004230       _debugger_hook_dummy       0000000180056230     <common>
 0003:00004234       __setlc_active             0000000180056234     <common>
 0003:00004238       __unguarded_readlc_active  0000000180056238     <common>
 0003:00004240       _pDestructExceptionObject  0000000180056240     <common>
 0003:00004248       _nhandle                   0000000180056248     <common>
 0003:00004260       __pioinfo                  0000000180056260     <common>
 0003:00004460       __env_initialized          0000000180056460     <common>
 0003:00004468       __onexitend                0000000180056468     <common>
 0003:00004470       __onexitbegin              0000000180056470     <common>
 0003:00004478       __mbctype_initialized      0000000180056478     <common>
 0003:00004480       _FPinit                    0000000180056480     <common>
 0003:00004488       __dyn_tls_init_callback    0000000180056488     <common>
 0003:00004490       _acmdln                    0000000180056490     <common>

 entry point at        0001:0003710c

 Static symbols

 0001:00000560       ?StringValidateDestW@@YAJPEB_W_K_K@Z 0000000180001560 f   CmdArg.obj
 0001:000005a0       ?StringCopyWorkerW@@YAJPEA_W_KPEA_KPEB_W1@Z 00000001800015a0 f   CmdArg.obj
 0001:00004640       ?StringValidateDestW@@YAJPEB_W_K_K@Z 0000000180005640 f   ConEmuCheck.obj
 0001:00004680       ?StringCopyWorkerW@@YAJPEA_W_KPEA_KPEB_W1@Z 0000000180005680 f   ConEmuCheck.obj
 0001:00006670       ?StringValidateDestW@@YAJPEB_W_K_K@Z 0000000180007670 f   ConEmuCheckEx.obj
 0001:000066b0       ?StringCopyWorkerW@@YAJPEA_W_KPEA_KPEB_W1@Z 00000001800076b0 f   ConEmuCheckEx.obj
 0001:000068c0       ?StringValidateDestAndLengthW@@YAJPEB_W_KPEA_K_K@Z 00000001800078c0 f   ConEmuCheckEx.obj
 0001:00006930       ?StringLengthWorkerW@@YAJPEB_W_KPEA_K@Z 0000000180007930 f   ConEmuCheckEx.obj
 0001:00007190       ?StringValidateDestW@@YAJPEB_W_K_K@Z 0000000180008190 f   ConEmuInjects.obj
 0001:000071d0       ?StringCopyWorkerW@@YAJPEA_W_KPEA_KPEB_W1@Z 00000001800081d0 f   ConEmuInjects.obj
 0001:00007f60       ?ChangeExports@@YA_NPEBUExportFunc@@PEAUHINSTANCE__@@@Z 0000000180008f60 f   ConEmuPlugin.obj
 0001:0000bcd0       ?GetFarSetting@@YAHPEAX_KPEB_W@Z 000000018000ccd0 f   ConEmuPlugin1900.obj
 0001:0000c040       ?CallGuiMacroProc@@YAXXZ   000000018000d040 f   ConEmuPlugin1900.obj
 0001:0000c490       ?CallGuiMacroDlg@@YA_JPEAXHH0@Z 000000018000d490 f   ConEmuPlugin1900.obj
 0001:0000cb90       ?MAKEFARVERSION@@YA?AUVersionInfo@@KKKKW4VERSION_STAGE@@@Z 000000018000db90 f   ConEmuPlugin2800.obj
 0001:0000e8d0       ?WExists@@YA_JAEBUWindowInfo@@AEBV?$MArray@UWindowInfo@@@@@Z 000000018000f8d0 f   ConEmuPlugin2800.obj
 0001:0000fe20       ?GetFarSetting@@YAHPEAX_KPEB_W@Z 0000000180010e20 f   ConEmuPlugin2800.obj
 0001:000101b0       ?CallGuiMacroProc@@YAXXZ   00000001800111b0 f   ConEmuPlugin2800.obj
 0001:000105f0       ?CallGuiMacroDlg@@YA_JPEAX_J10@Z 00000001800115f0 f   ConEmuPlugin2800.obj
 0001:00010c10       ?FreeMacroResult@@YAXPEAXPEAUFarMacroValue@@_K@Z 0000000180011c10 f   ConEmuPlugin2800.obj
 0001:00013880       ?CallGuiMacroProc@@YAXXZ   0000000180014880 f   ConEmuPlugin995.obj
 0001:00013c80       ?CallGuiMacroDlg@@YA_JPEAXHH_J@Z 0000000180014c80 f   ConEmuPlugin995.obj
 0001:00016260       ?CallGuiMacroProc@@YAXXZ   0000000180017260 f   ConEmuPluginA.obj
 0001:00016680       ?CallGuiMacroDlg@@YA_JPEAXHH_J@Z 0000000180017680 f   ConEmuPluginA.obj
 0001:00017350       ?LoadFarVersion@@YA_NAEAUFarVersion@@AEAY0CAA@_W@Z 0000000180018350 f   ConEmuPluginBase.obj
 0001:00021c00       ?StringValidateDestW@@YAJPEB_W_K_K@Z 0000000180022c00 f   ConEmuPluginBase.obj
 0001:00021c40       ?StringValidateDestAndLengthW@@YAJPEB_W_KPEA_K_K@Z 0000000180022c40 f   ConEmuPluginBase.obj
 0001:00021cb0       ?StringLengthWorkerW@@YAJPEB_W_KPEA_K@Z 0000000180022cb0 f   ConEmuPluginBase.obj
 0001:00021d50       ?StringCopyWorkerW@@YAJPEA_W_KPEA_KPEB_W1@Z 0000000180022d50 f   ConEmuPluginBase.obj
 0001:00024090       ?StringValidateDestW@@YAJPEB_W_K_K@Z 0000000180025090 f   Execute.obj
 0001:000240d0       ?StringCopyWorkerW@@YAJPEA_W_KPEA_KPEB_W1@Z 00000001800250d0 f   Execute.obj
 0001:00024500       ?StringValidateDestA@@YAJPEBD_K_K@Z 0000000180025500 f   Memory.obj
 0001:00024540       ?StringCopyWorkerA@@YAJPEAD_KPEA_KPEBD1@Z 0000000180025540 f   Memory.obj
 0001:000246c0       ?StringValidateDestW@@YAJPEB_W_K_K@Z 00000001800256c0 f   Memory.obj
 0001:00024700       ?StringCopyWorkerW@@YAJPEA_W_KPEA_KPEB_W1@Z 0000000180025700 f   Memory.obj
 0001:0002b200       ?StringValidateDestW@@YAJPEB_W_K_K@Z 000000018002c200 f   PluginBackground.obj
 0001:0002b240       ?StringCopyWorkerW@@YAJPEA_W_KPEA_KPEB_W1@Z 000000018002c240 f   PluginBackground.obj
 0001:0002e3d0       ?StringValidateDestW@@YAJPEB_W_K_K@Z 000000018002f3d0 f   PluginSrv.obj
 0001:0002e410       ?StringCopyWorkerW@@YAJPEA_W_KPEA_KPEB_W1@Z 000000018002f410 f   PluginSrv.obj
 0001:00032b70       ?StringValidateDestW@@YAJPEB_W_K_K@Z 0000000180033b70 f   WObjects.obj
 0001:00032bb0       ?StringCopyWorkerW@@YAJPEA_W_KPEA_KPEB_W1@Z 0000000180033bb0 f   WObjects.obj
 0001:00033290       ?CheckRegKeyExist@@YA_NPEAURegKeyExistArg@@@Z 0000000180034290 f   WObjects.obj
 0001:00034650       ?StringValidateDestAndLengthW@@YAJPEB_W_KPEA_K_K@Z 0000000180035650 f   WObjects.obj
 0001:000346c0       ?StringLengthWorkerW@@YAJPEB_W_KPEA_K@Z 00000001800356c0 f   WObjects.obj
 0001:00036240       ?StringValidateDestW@@YAJPEB_W_K_K@Z 0000000180037240 f   WUser.obj
 0001:00036280       ?StringCopyWorkerW@@YAJPEA_W_KPEA_KPEB_W1@Z 0000000180037280 f   WUser.obj
 0001:00036ff4       __DllMainCRTStartup        0000000180037ff4 f   LIBCMT:dllcrt0.obj
 0001:00037dd0       _initterm                  0000000180038dd0 f   LIBCMT:crt0dat.obj
 0001:00037f80       doexit                     0000000180038f80 f   LIBCMT:crt0dat.obj
 0001:00038640       parse_cmdline              0000000180039640 f   LIBCMT:stdargv.obj
 0001:00038d48       xcptlookup                 0000000180039d48 f   LIBCMT:winxfltr.obj
 0001:00039048       ctrlevent_capture          000000018003a048 f   LIBCMT:winsig.obj
 0001:000390e0       siglookup                  000000018003a0e0 f   LIBCMT:winsig.obj
 0001:0003a30c       _copytlocinfo_nolock       000000018003b30c f   LIBCMT:setlocal.obj
 0001:0003a340       _updatetlocinfoEx_nolock   000000018003b340 f   LIBCMT:setlocal.obj
 0001:0003a48c       sync_legacy_variables_lk   000000018003b48c f   LIBCMT:setlocal.obj
 0001:0003a8a8       _setlocale_get_all         000000018003b8a8 f   LIBCMT:setlocal.obj
 0001:0003acd0       _setlocale_set_cat         000000018003bcd0 f   LIBCMT:setlocal.obj
 0001:0003afd8       _setlocale_nolock          000000018003bfd8 f   LIBCMT:setlocal.obj
 0001:0003b574       ?CPtoLCID@@YAHH@Z          000000018003c574 f   LIBCMT:mbctype.obj
 0001:0003b5a8       ?setSBCS@@YAXPEAUthreadmbcinfostruct@@@Z 000000018003c5a8 f   LIBCMT:mbctype.obj
 0001:0003b63c       ?setSBUpLow@@YAXPEAUthreadmbcinfostruct@@@Z 000000018003c63c f   LIBCMT:mbctype.obj
 0001:0003b988       ?getSystemCP@@YAHH@Z       000000018003c988 f   LIBCMT:mbctype.obj
 0001:0003cacc       ?__crtGetLocaleInfoW_stat@@YAHPEAUlocaleinfo_struct@@KKPEA_WHH@Z 000000018003dacc f   LIBCMT:w_loc.obj
 0001:0003cb74       ?__crtGetLocaleInfoA_stat@@YAHPEAUlocaleinfo_struct@@KKPEADHH@Z 000000018003db74 f   LIBCMT:a_loc.obj
 0001:0003d300       _onexit_nolock             000000018003e300 f   LIBCMT:onexit.obj
 0001:0003d8e8       ?x_ismbbtype_l@@YAHPEAUlocaleinfo_struct@@IHH@Z 000000018003e8e8 f   LIBCMT:ismbbyte.obj
 0001:0003dc80       _get_lc_time               000000018003ec80 f   LIBCMT:inittime.obj
 0001:0003e53c       fix_grouping               000000018003f53c f   LIBCMT:initnum.obj
 0001:0003e7cc       fix_grouping               000000018003f7cc f   LIBCMT:initmon.obj
 0001:0003f81c       ?_store_str@@YAXPEADPEAPEADPEA_K@Z 000000018004081c f   LIBCMT:strftime.obj
 0001:0003f840       ?_store_number@@YAXHPEAPEADPEA_K@Z 0000000180040840 f   LIBCMT:strftime.obj
 0001:0003f8a4       ?_store_num@@YAXHHPEAPEADPEA_KI@Z 00000001800408a4 f   LIBCMT:strftime.obj
 0001:0003f980       ?_expandtime@@YAHPEAUlocaleinfo_struct@@DPEBUtm@@PEAPEADPEA_KPEAU__lc_time_data@@I@Z 0000000180040980 f   LIBCMT:strftime.obj
 0001:0003ffdc       ?_store_winword@@YAHPEAUlocaleinfo_struct@@HPEBUtm@@PEAPEADPEA_KPEAU__lc_time_data@@@Z 0000000180040fdc f   LIBCMT:strftime.obj
 0001:00040960       TranslateName              0000000180041960 f   LIBCMT:getqloc.obj
 0001:000409f8       GetLcidFromDefault         00000001800419f8 f   LIBCMT:getqloc.obj
 0001:00040a1c       ProcessCodePage            0000000180041a1c f   LIBCMT:getqloc.obj
 0001:00040ae4       TestDefaultCountry         0000000180041ae4 f   LIBCMT:getqloc.obj
 0001:00040b0c       LcidFromHexString          0000000180041b0c f   LIBCMT:getqloc.obj
 0001:00040b48       GetPrimaryLen              0000000180041b48 f   LIBCMT:getqloc.obj
 0001:00040b64       CountryEnumProc            0000000180041b64 f   LIBCMT:getqloc.obj
 0001:00040c4c       TestDefaultLanguage        0000000180041c4c f   LIBCMT:getqloc.obj
 0001:00040d00       LangCountryEnumProc        0000000180041d00 f   LIBCMT:getqloc.obj
 0001:00040f94       LanguageEnumProc           0000000180041f94 f   LIBCMT:getqloc.obj
 0001:000410a4       GetLcidFromCountry         00000001800420a4 f   LIBCMT:getqloc.obj
 0001:000410e4       GetLcidFromLangCountry     00000001800420e4 f   LIBCMT:getqloc.obj
 0001:00041178       GetLcidFromLanguage        0000000180042178 f   LIBCMT:getqloc.obj
 0001:0004144c       ?__crtGetStringTypeA_stat@@YAHPEAUlocaleinfo_struct@@KPEBDHPEAGHHH@Z 000000018004244c f   LIBCMT:a_str.obj
 0001:000418b4       ?strncnt@@YAHPEBDH@Z       00000001800428b4 f   LIBCMT:a_map.obj
 0001:000418d0       ?__crtLCMapStringA_stat@@YAHPEAUlocaleinfo_struct@@KKPEBDHPEADHHH@Z 00000001800428d0 f   LIBCMT:a_map.obj
 0001:00042370       _tzset_nolock              0000000180043370 f   LIBCMT:tzset.obj
 0001:00042810       cvtdate                    0000000180043810 f   LIBCMT:tzset.obj
 0001:00042ac8       _isindst_nolock            0000000180043ac8 f   LIBCMT:tzset.obj
 0001:00043408       xtoa_s                     0000000180044408 f   LIBCMT:xtoas.obj
 0001:0004356c       x64toa_s                   000000018004456c f   LIBCMT:xtoas.obj
 0001:00043a2c       _getenv_s_helper           0000000180044a2c f   LIBCMT:getenv.obj
 0001:00043b00       _dupenv_s_helper           0000000180044b00 f   LIBCMT:getenv.obj
 0001:000441dc       ?strtoxl@@YAKPEAUlocaleinfo_struct@@PEBDPEAPEBDHH@Z 00000001800451dc f   LIBCMT:strtol.obj
 0001:00044510       ?strtoxq@@YA_KPEAUlocaleinfo_struct@@PEBDPEAPEBDHH@Z 0000000180045510 f   LIBCMT:strtoq.obj
 0001:00044aa4       ?__crtGetStringTypeW_stat@@YAHPEAUlocaleinfo_struct@@KPEB_WHPEAGHH@Z 0000000180045aa4 f   LIBCMT:w_str.obj
 0001:00044b38       ?strncnt@@YAHPEBDH@Z       0000000180045b38 f   LIBCMT:a_cmp.obj
 0001:00044b54       ?__crtCompareStringA_stat@@YAHPEAUlocaleinfo_struct@@KKPEBDH1HH@Z 0000000180045b54 f   LIBCMT:a_cmp.obj
 0001:000451f8       findenv                    00000001800461f8 f   LIBCMT:setenv.obj
 0001:0004527c       copy_environ               000000018004627c f   LIBCMT:setenv.obj
 0001:000459c0       __DllMainCRTStartup$filt$0 00000001800469c0 f   LIBCMT:dllcrt0.obj
 0001:000459dc       _initptd$fin$1             00000001800469dc f   LIBCMT:tidtable.obj
 0001:000459fc       _initptd$fin$0             00000001800469fc f   LIBCMT:tidtable.obj
 0001:00045a15       _freefls$fin$1             0000000180046a15 f   LIBCMT:tidtable.obj
 0001:00045a35       _freefls$fin$0             0000000180046a35 f   LIBCMT:tidtable.obj
 0001:00045a4e       doexit$fin$0               0000000180046a4e f   LIBCMT:crt0dat.obj
 0001:00045a70       ctrlevent_capture$fin$0    0000000180046a70 f   LIBCMT:winsig.obj
 0001:00045a86       signal$fin$0               0000000180046a86 f   LIBCMT:winsig.obj
 0001:00045a9c       raise$fin$0                0000000180046a9c f   LIBCMT:winsig.obj
 0001:00045ab8       _mtinitlocknum$fin$0       0000000180046ab8 f   LIBCMT:mlock.obj
 0001:00045ad4       __updatetlocinfo$fin$0     0000000180046ad4 f   LIBCMT:setlocal.obj
 0001:00045aed       _free_locale$fin$1         0000000180046aed f   LIBCMT:setlocal.obj
 0001:00045b0d       _free_locale$fin$0         0000000180046b0d f   LIBCMT:setlocal.obj
 0001:00045b26       _get_current_locale$fin$1  0000000180046b26 f   LIBCMT:setlocal.obj
 0001:00045b46       _get_current_locale$fin$0  0000000180046b46 f   LIBCMT:setlocal.obj
 0001:00045b5f       setlocale$fin$1            0000000180046b5f f   LIBCMT:setlocal.obj
 0001:00045b7f       setlocale$fin$0            0000000180046b7f f   LIBCMT:setlocal.obj
 0001:00045b9f       setlocale$fin$2            0000000180046b9f f   LIBCMT:setlocal.obj
 0001:00045bb9       __updatetmbcinfo$fin$0     0000000180046bb9 f   LIBCMT:mbctype.obj
 0001:00045bd2       _setmbcp$fin$0             0000000180046bd2 f   LIBCMT:mbctype.obj
 0001:00045beb       _onexit$fin$0              0000000180046beb f   LIBCMT:onexit.obj
 0001:00045c00       _IsNonwritableInCurrentImage$filt$0 0000000180046c00 f   LIBCMT:pesect.obj
 0001:00045c21       __crtInitCritSecAndSpinCount$filt$0 0000000180046c21 f   LIBCMT:initcrit.obj
 0001:00045c43       _tzset_nolock$fin$0        0000000180046c43 f   LIBCMT:tzset.obj
 0001:00045c5c       __tzset$fin$0              0000000180046c5c f   LIBCMT:tzset.obj
 0001:00045c75       _tzset$fin$0               0000000180046c75 f   LIBCMT:tzset.obj
 0001:00045c8e       _isindst$fin$0             0000000180046c8e f   LIBCMT:tzset.obj
 0001:00045ca7       getenv$fin$0               0000000180046ca7 f   LIBCMT:getenv.obj
 0001:00045cc0       getenv_s$fin$0             0000000180046cc0 f   LIBCMT:getenv.obj
 0001:00045cd9       _dupenv_s$fin$0            0000000180046cd9 f   LIBCMT:getenv.obj
